

================================================================
== Vivado HLS Report for 'sin_or_cos_double_s'
================================================================
* Date:           Thu Jul 13 06:56:27 2023

* Version:        2020.1 (Build 2897737 on Wed May 27 20:21:37 MDT 2020)
* Project:        fft_sw.proj
* Solution:       solution6
* Product family: zynquplus
* Target device:  xqzu5ev-ffrb900-1-i


================================================================
== Performance Estimates
================================================================
+ Timing: 
    * Summary: 
    +--------+----------+----------+------------+
    |  Clock |  Target  | Estimated| Uncertainty|
    +--------+----------+----------+------------+
    |ap_clk  | 10.00 ns | 8.635 ns |   1.25 ns  |
    +--------+----------+----------+------------+

+ Latency: 
    * Summary: 
    +---------+---------+----------+----------+-----+-----+---------+
    |  Latency (cycles) |  Latency (absolute) |  Interval | Pipeline|
    |   min   |   max   |    min   |    max   | min | max |   Type  |
    +---------+---------+----------+----------+-----+-----+---------+
    |       22|       25| 0.220 us | 0.250 us |   22|   25|   none  |
    +---------+---------+----------+----------+-----+-----+---------+

    + Detail: 
        * Instance: 
        +------------------------------+-------------------+---------+---------+----------+----------+-----+-----+---------+
        |                              |                   |  Latency (cycles) |  Latency (absolute) |  Interval | Pipeline|
        |           Instance           |       Module      |   min   |   max   |    min   |    max   | min | max |   Type  |
        +------------------------------+-------------------+---------+---------+----------+----------+-----+-----+---------+
        |grp_scaled_fixed2ieee_fu_268  |scaled_fixed2ieee  |       14|       17| 0.140 us | 0.170 us |   14|   17|   none  |
        +------------------------------+-------------------+---------+---------+----------+----------+-----+-----+---------+

        * Loop: 
        N/A



================================================================
== Utilization Estimates
================================================================
* Summary: 
+-----------------+---------+-------+--------+--------+-----+
|       Name      | BRAM_18K| DSP48E|   FF   |   LUT  | URAM|
+-----------------+---------+-------+--------+--------+-----+
|DSP              |        -|      -|       -|       -|    -|
|Expression       |        -|     23|      73|    2762|    -|
|FIFO             |        -|      -|       -|       -|    -|
|Instance         |        -|      3|     974|    2005|    -|
|Memory           |        8|      -|     213|     852|    -|
|Multiplexer      |        -|      -|       -|      56|    -|
|Register         |        -|      -|     818|       -|    -|
+-----------------+---------+-------+--------+--------+-----+
|Total            |        8|     26|    2078|    5675|    0|
+-----------------+---------+-------+--------+--------+-----+
|Available        |      288|   1248|  234240|  117120|   64|
+-----------------+---------+-------+--------+--------+-----+
|Utilization (%)  |        2|      2|   ~0   |       4|    0|
+-----------------+---------+-------+--------+--------+-----+

+ Detail: 
    * Instance: 
    +------------------------------+----------------------+---------+-------+-----+------+-----+
    |           Instance           |        Module        | BRAM_18K| DSP48E|  FF |  LUT | URAM|
    +------------------------------+----------------------+---------+-------+-----+------+-----+
    |fft_mul_170ns_53nhbi_U8       |fft_mul_170ns_53nhbi  |        0|      3|  361|   178|    0|
    |fft_mux_164_1_1_1_U10         |fft_mux_164_1_1_1     |        0|      0|    0|    65|    0|
    |fft_mux_164_1_1_1_U11         |fft_mux_164_1_1_1     |        0|      0|    0|    65|    0|
    |fft_mux_83_1_1_1_U9           |fft_mux_83_1_1_1      |        0|      0|    0|    65|    0|
    |grp_scaled_fixed2ieee_fu_268  |scaled_fixed2ieee     |        0|      0|  613|  1632|    0|
    +------------------------------+----------------------+---------+-------+-----+------+-----+
    |Total                         |                      |        0|      3|  974|  2005|    0|
    +------------------------------+----------------------+---------+-------+-----+------+-----+

    * DSP48E: 
    N/A

    * Memory: 
    +-------------------------+----------------------+---------+----+-----+-----+------+-----+------+-------------+
    |          Memory         |        Module        | BRAM_18K| FF | LUT | URAM| Words| Bits| Banks| W*Bits*Banks|
    +-------------------------+----------------------+---------+----+-----+-----+------+-----+------+-------------+
    |ref_4oPi_table_256_V_U   |sin_or_cos_doublebkb  |        8|   0|    0|    0|    10|  256|     1|         2560|
    |fourth_order_double_4_U  |sin_or_cos_doublecud  |        0|  59|  236|    0|   256|   59|     1|        15104|
    |fourth_order_double_5_U  |sin_or_cos_doubledEe  |        0|  52|  208|    0|   256|   52|     1|        13312|
    |fourth_order_double_6_U  |sin_or_cos_doubleeOg  |        0|  44|  176|    0|   256|   44|     1|        11264|
    |fourth_order_double_7_U  |sin_or_cos_doublefYi  |        0|  33|  132|    0|   256|   33|     1|         8448|
    |fourth_order_double_s_U  |sin_or_cos_doubleg8j  |        0|  25|  100|    0|   256|   25|     1|         6400|
    +-------------------------+----------------------+---------+----+-----+-----+------+-----+------+-------------+
    |Total                    |                      |        8| 213|  852|    0|  1290|  469|     6|        57088|
    +-------------------------+----------------------+---------+----+-----+-----+------+-----+------+-------------+

    * FIFO: 
    N/A

    * Expression: 
    +---------------------------+----------+-------+----+-----+------------+------------+
    |       Variable Name       | Operation| DSP48E| FF | LUT | Bitwidth P0| Bitwidth P1|
    +---------------------------+----------+-------+----+-----+------------+------------+
    |r_V_20_fu_624_p2           |     *    |      3|   0|   20|          49|          49|
    |r_V_21_fu_672_p2           |     *    |      3|   0|   20|          49|          49|
    |r_V_22_fu_687_p2           |     *    |      3|   0|   20|          49|          49|
    |r_V_23_fu_718_p2           |     *    |      3|   0|   32|          56|          52|
    |r_V_24_fu_741_p2           |     *    |      3|   0|   20|          49|          44|
    |r_V_25_fu_811_p2           |     *    |      3|   0|   25|          42|          33|
    |r_V_26_fu_765_p2           |     *    |      2|   0|   23|          35|          25|
    |r_V_27_fu_877_p2           |     *    |      3|   0|   45|          64|          63|
    |add_ln114_1_fu_306_p2      |     +    |      0|   0|   18|          11|          11|
    |add_ln114_fu_404_p2        |     +    |      0|   0|   18|          11|          11|
    |ret_V_13_fu_789_p2         |     +    |      0|   0|   21|          64|          64|
    |ret_V_14_fu_799_p2         |     +    |      0|   0|   21|          64|          64|
    |ret_V_15_fu_831_p2         |     +    |      0|   0|   21|          64|          64|
    |ret_V_8_fu_839_p2          |     +    |      0|   0|   21|          64|          64|
    |Ex_V_fu_510_p2             |     -    |      0|   0|   18|          11|          11|
    |Mx_bits_V_1_fu_426_p2      |     -    |      0|   0|  131|           1|         124|
    |ret_V_fu_898_p2            |     -    |      0|   0|   19|           1|          12|
    |sub_ln1311_fu_537_p2       |     -    |      0|   0|   19|           1|          12|
    |and_ln300_1_fu_1076_p2     |    and   |      0|   0|    2|           1|           1|
    |and_ln300_fu_1020_p2       |    and   |      0|   0|    2|           1|           1|
    |and_ln307_fu_1024_p2       |    and   |      0|   0|    2|           1|           1|
    |tmp_i_i_fu_474_p3          |   cttz   |      0|  73|   71|          64|           0|
    |closepath_fu_300_p2        |   icmp   |      0|   0|   13|          11|          10|
    |icmp_ln833_1_fu_379_p2     |   icmp   |      0|   0|   29|          52|           1|
    |icmp_ln833_2_fu_529_p2     |   icmp   |      0|   0|   13|          11|           2|
    |icmp_ln833_fu_524_p2       |   icmp   |      0|   0|   13|          11|           1|
    |r_V_fu_558_p2              |   lshr   |      0|   0|  176|          63|          63|
    |or_ln300_fu_1094_p2        |    or    |      0|   0|    2|           1|           1|
    |or_ln311_fu_1040_p2        |    or    |      0|   0|    2|           1|           1|
    |addr_V_fu_312_p3           |  select  |      0|   0|   11|           1|           7|
    |cos_basis_fu_850_p3        |  select  |      0|   0|    2|           1|           1|
    |p_Repl2_3_fu_1060_p3       |  select  |      0|   0|    2|           1|           1|
    |p_Val2_30_fu_416_p3        |  select  |      0|   0|    3|           1|           1|
    |p_Val2_7_fu_431_p3         |  select  |      0|   0|  122|           1|         124|
    |r_V_19_fu_568_p3           |  select  |      0|   0|   56|           1|          63|
    |ret_V_10_fu_1099_p3        |  select  |      0|   0|   55|           1|          52|
    |ret_V_9_fu_1068_p3         |  select  |      0|   0|   11|           1|          11|
    |select_ln271_fu_1013_p3    |  select  |      0|   0|    2|           1|           1|
    |select_ln272_1_fu_863_p3   |  select  |      0|   0|   56|           1|           2|
    |select_ln272_fu_856_p3     |  select  |      0|   0|   11|           1|           1|
    |select_ln300_2_fu_1086_p3  |  select  |      0|   0|    2|           1|           2|
    |select_ln307_fu_1028_p3    |  select  |      0|   0|    9|           1|          10|
    |select_ln311_1_fu_1053_p3  |  select  |      0|   0|   11|           1|           2|
    |select_ln311_fu_1045_p3    |  select  |      0|   0|    2|           1|           1|
    |select_ln482_fu_409_p3     |  select  |      0|   0|   11|           1|          11|
    |ush_fu_543_p3              |  select  |      0|   0|   12|           1|          12|
    |r_V_17_fu_349_p2           |    shl   |      0|   0|  950|         256|         256|
    |r_V_18_fu_490_p2           |    shl   |      0|   0|  411|         124|         124|
    |r_V_3_fu_563_p2            |    shl   |      0|   0|  176|          63|          63|
    |sin_basis_fu_646_p2        |    xor   |      0|   0|    2|           1|           1|
    |xor_ln271_fu_845_p2        |    xor   |      0|   0|    2|           1|           2|
    |xor_ln29_fu_640_p2         |    xor   |      0|   0|    2|           1|           2|
    |xor_ln300_fu_1080_p2       |    xor   |      0|   0|    2|           2|           1|
    |xor_ln311_fu_1035_p2       |    xor   |      0|   0|    2|           1|           2|
    +---------------------------+----------+-------+----+-----+------------+------------+
    |Total                      |          |     23|  73| 2762|        1368|        1636|
    +---------------------------+----------+-------+----+-----+------------+------------+

    * Multiplexer: 
    +-----------+----+-----------+-----+-----------+
    |    Name   | LUT| Input Size| Bits| Total Bits|
    +-----------+----+-----------+-----+-----------+
    |ap_NS_fsm  |  47|         10|    1|         10|
    |ap_return  |   9|          2|   64|        128|
    +-----------+----+-----------+-----+-----------+
    |Total      |  56|         12|   65|        138|
    +-----------+----+-----------+-----+-----------+

    * Register: 
    +-------------------------------------------+-----+----+-----+-----------+
    |                    Name                   |  FF | LUT| Bits| Const Bits|
    +-------------------------------------------+-----+----+-----+-----------+
    |B_V_reg_1234                               |   56|   0|   56|          0|
    |B_squared_V_reg_1244                       |   49|   0|   49|          0|
    |B_third_power_V_reg_1280                   |   42|   0|   42|          0|
    |Ex_V_reg_1196                              |   11|   0|   11|          0|
    |Mx_V_reg_1189                              |   63|   0|   63|          0|
    |ap_CS_fsm                                  |    9|   0|    9|          0|
    |ap_return_preg                             |   64|   0|   64|          0|
    |closepath_reg_1140                         |    1|   0|    1|          0|
    |cos_basis_reg_1305                         |    1|   0|    1|          0|
    |fourth_order_double_14_reg_1285            |   33|   0|   33|          0|
    |grp_scaled_fixed2ieee_fu_268_ap_start_reg  |    1|   0|    1|          0|
    |icmp_ln833_1_reg_1166                      |    1|   0|    1|          0|
    |icmp_ln833_2_reg_1214                      |    1|   0|    1|          0|
    |icmp_ln833_reg_1208                        |    1|   0|    1|          0|
    |isNeg_reg_1202                             |    1|   0|    1|          0|
    |p_Result_s_reg_1121                        |    1|   0|    1|          0|
    |p_Val2_29_reg_1172                         |  124|   0|  124|          0|
    |p_Val2_30_reg_1183                         |    3|   0|    3|          0|
    |r_V_5_reg_1239                             |   49|   0|   98|         49|
    |result_V_reg_1310                          |   63|   0|   63|          0|
    |ret_V_14_reg_1295                          |   64|   0|   64|          0|
    |ret_V_8_reg_1300                           |   64|   0|   64|          0|
    |ret_V_reg_1315                             |   12|   0|   12|          0|
    |tmp_4_reg_1290                             |   29|   0|   29|          0|
    |tmp_V_1_reg_1134                           |   52|   0|   52|          0|
    |tmp_V_reg_1127                             |   11|   0|   11|          0|
    |tmp_reg_1228                               |    1|   0|    1|          0|
    |trunc_ln601_reg_1151                       |    7|   0|    7|          0|
    |trunc_ln_i_reg_1178                        |    3|   0|    3|          0|
    |xor_ln29_reg_1250                          |    1|   0|    1|          0|
    +-------------------------------------------+-----+----+-----+-----------+
    |Total                                      |  818|   0|  867|         49|
    +-------------------------------------------+-----+----+-----+-----------+



================================================================
== Interface
================================================================
* Summary: 
+-----------+-----+-----+------------+--------------------+--------------+
| RTL Ports | Dir | Bits|  Protocol  |    Source Object   |    C Type    |
+-----------+-----+-----+------------+--------------------+--------------+
|ap_clk     |  in |    1| ap_ctrl_hs | sin_or_cos<double> | return value |
|ap_rst     |  in |    1| ap_ctrl_hs | sin_or_cos<double> | return value |
|ap_start   |  in |    1| ap_ctrl_hs | sin_or_cos<double> | return value |
|ap_done    | out |    1| ap_ctrl_hs | sin_or_cos<double> | return value |
|ap_idle    | out |    1| ap_ctrl_hs | sin_or_cos<double> | return value |
|ap_ready   | out |    1| ap_ctrl_hs | sin_or_cos<double> | return value |
|ap_return  | out |   64| ap_ctrl_hs | sin_or_cos<double> | return value |
|t_in       |  in |   64|   ap_none  |        t_in        |    scalar    |
|do_cos     |  in |    1|   ap_none  |       do_cos       |    scalar    |
+-----------+-----+-----+------------+--------------------+--------------+

