

================================================================
== Vivado HLS Report for 'fft_stage81'
================================================================
* Date:           Thu Jul 13 07:17:37 2023

* Version:        2020.1 (Build 2897737 on Wed May 27 20:21:37 MDT 2020)
* Project:        fft_stages.proj
* Solution:       solution1
* Product family: zynquplus
* Target device:  xqzu5ev-ffrb900-1-i


================================================================
== Performance Estimates
================================================================
+ Timing: 
    * Summary: 
    +--------+----------+----------+------------+
    |  Clock |  Target  | Estimated| Uncertainty|
    +--------+----------+----------+------------+
    |ap_clk  | 10.00 ns | 8.635 ns |   1.25 ns  |
    +--------+----------+----------+------------+

+ Latency: 
    * Summary: 
    +---------+---------+----------+----------+-----+-----+---------+
    |  Latency (cycles) |  Latency (absolute) |  Interval | Pipeline|
    |   min   |   max   |    min   |    max   | min | max |   Type  |
    +---------+---------+----------+----------+-----+-----+---------+
    |        ?|        ?|         ?|         ?|    ?|    ?|   none  |
    +---------+---------+----------+----------+-----+-----+---------+

    + Detail: 
        * Instance: 
        +--------------------------------+---------------------+---------+---------+----------+----------+-----+-----+---------+
        |                                |                     |  Latency (cycles) |  Latency (absolute) |  Interval | Pipeline|
        |            Instance            |        Module       |   min   |   max   |    min   |    max   | min | max |   Type  |
        +--------------------------------+---------------------+---------+---------+----------+----------+-----+-----+---------+
        |grp_sin_or_cos_double_s_fu_275  |sin_or_cos_double_s  |       27|       35| 0.270 us | 0.350 us |   27|   35|   none  |
        |grp_sin_or_cos_double_s_fu_294  |sin_or_cos_double_s  |       27|       35| 0.270 us | 0.350 us |   27|   35|   none  |
        +--------------------------------+---------------------+---------+---------+----------+----------+-----+-----+---------+

        * Loop: 
        +------------------+---------+---------+----------+-----------+-----------+------+----------+
        |                  |  Latency (cycles) | Iteration|  Initiation Interval  | Trip |          |
        |     Loop Name    |   min   |   max   |  Latency |  achieved |   target  | Count| Pipelined|
        +------------------+---------+---------+----------+-----------+-----------+------+----------+
        |- butterfly_loop  |        ?|        ?|         ?|          -|          -|     1|    no    |
        | + dft_loop       |        ?|        ?|         2|          -|          -|     ?|    no    |
        +------------------+---------+---------+----------+-----------+-----------+------+----------+



================================================================
== Utilization Estimates
================================================================
* Summary: 
+-----------------+---------+-------+--------+--------+-----+
|       Name      | BRAM_18K| DSP48E|   FF   |   LUT  | URAM|
+-----------------+---------+-------+--------+--------+-----+
|DSP              |        -|      -|       -|       -|    -|
|Expression       |        -|      8|      40|    2549|    -|
|FIFO             |        -|      -|       -|       -|    -|
|Instance         |       16|     52|    4028|   11358|    0|
|Memory           |        -|      -|       -|       -|    -|
|Multiplexer      |        -|      -|       -|      68|    -|
|Register         |        -|      -|     490|       -|    -|
+-----------------+---------+-------+--------+--------+-----+
|Total            |       16|     60|    4558|   13975|    0|
+-----------------+---------+-------+--------+--------+-----+
|Available        |      288|   1248|  234240|  117120|   64|
+-----------------+---------+-------+--------+--------+-----+
|Utilization (%)  |        5|      4|       1|      11|    0|
+-----------------+---------+-------+--------+--------+-----+

+ Detail: 
    * Instance: 
    +--------------------------------+---------------------+---------+-------+------+------+-----+
    |            Instance            |        Module       | BRAM_18K| DSP48E|  FF  |  LUT | URAM|
    +--------------------------------+---------------------+---------+-------+------+------+-----+
    |grp_sin_or_cos_double_s_fu_275  |sin_or_cos_double_s  |        8|     26|  2014|  5679|    0|
    |grp_sin_or_cos_double_s_fu_294  |sin_or_cos_double_s  |        8|     26|  2014|  5679|    0|
    +--------------------------------+---------------------+---------+-------+------+------+-----+
    |Total                           |                     |       16|     52|  4028| 11358|    0|
    +--------------------------------+---------------------+---------+-------+------+------+-----+

    * DSP48E: 
    N/A

    * Memory: 
    N/A

    * FIFO: 
    N/A

    * Expression: 
    +---------------------------------+----------+-------+----+-----+------------+------------+
    |          Variable Name          | Operation| DSP48E| FF | LUT | Bitwidth P0| Bitwidth P1|
    +---------------------------------+----------+-------+----+-----+------------+------------+
    |mul_ln1192_fu_1264_p2            |     *    |      2|   0|   23|          22|          22|
    |mul_ln1193_fu_1238_p2            |     *    |      2|   0|   23|          22|          22|
    |mul_ln700_10_fu_1259_p2          |     *    |      2|   0|   23|          22|          22|
    |mul_ln700_fu_1233_p2             |     *    |      2|   0|   23|          22|          22|
    |Out_I_V_d1                       |     +    |      0|   0|   29|          22|          22|
    |Out_R_V_d1                       |     +    |      0|   0|   29|          22|          22|
    |a_V_fu_613_p2                    |     +    |      0|   0|   21|          14|          14|
    |add_ln581_1_fu_696_p2            |     +    |      0|   0|   19|           5|          12|
    |add_ln581_fu_975_p2              |     +    |      0|   0|   19|           5|          12|
    |add_ln899_fu_437_p2              |     +    |      0|   0|   29|           7|          22|
    |add_ln908_fu_485_p2              |     +    |      0|   0|   39|           7|          32|
    |add_ln915_fu_575_p2              |     +    |      0|   0|   21|          11|          11|
    |i_12_fu_1219_p2                  |     +    |      0|   0|   39|          32|           2|
    |i_lower_fu_1201_p2               |     +    |      0|   0|   39|          32|           1|
    |lsb_index_fu_363_p2              |     +    |      0|   0|   39|           7|          32|
    |m_48_fu_529_p2                   |     +    |      0|   0|   71|          64|          64|
    |ret_V_22_fu_1269_p2              |     +    |      0|   0|   40|          33|          33|
    |F2_10_fu_963_p2                  |     -    |      0|   0|   19|          11|          12|
    |F2_fu_684_p2                     |     -    |      0|   0|   19|          11|          12|
    |Out_I_V_d0                       |     -    |      0|   0|   29|          22|          22|
    |Out_R_V_d0                       |     -    |      0|   0|   29|          22|          22|
    |man_V_46_fu_664_p2               |     -    |      0|   0|   61|           1|          54|
    |man_V_49_fu_943_p2               |     -    |      0|   0|   61|           1|          54|
    |ret_V_fu_1243_p2                 |     -    |      0|   0|   40|          33|          33|
    |sub_ln581_1_fu_702_p2            |     -    |      0|   0|   19|           4|          12|
    |sub_ln581_fu_981_p2              |     -    |      0|   0|   19|           4|          12|
    |sub_ln894_fu_353_p2              |     -    |      0|   0|   39|           5|          32|
    |sub_ln897_fu_389_p2              |     -    |      0|   0|   15|           4|           5|
    |sub_ln908_fu_501_p2              |     -    |      0|   0|   39|           6|          32|
    |sub_ln915_fu_569_p2              |     -    |      0|   0|   21|           4|          11|
    |a_fu_417_p2                      |    and   |      0|   0|    2|           1|           1|
    |and_ln581_10_fu_1085_p2          |    and   |      0|   0|    2|           1|           1|
    |and_ln581_fu_806_p2              |    and   |      0|   0|    2|           1|           1|
    |and_ln582_10_fu_1067_p2          |    and   |      0|   0|    2|           1|           1|
    |and_ln582_fu_788_p2              |    and   |      0|   0|    2|           1|           1|
    |and_ln585_28_fu_824_p2           |    and   |      0|   0|    2|           1|           1|
    |and_ln585_29_fu_1097_p2          |    and   |      0|   0|    2|           1|           1|
    |and_ln585_30_fu_1103_p2          |    and   |      0|   0|    2|           1|           1|
    |and_ln585_fu_818_p2              |    and   |      0|   0|    2|           1|           1|
    |and_ln603_10_fu_1121_p2          |    and   |      0|   0|    2|           1|           1|
    |and_ln603_fu_842_p2              |    and   |      0|   0|    2|           1|           1|
    |and_ln899_fu_451_p2              |    and   |      0|   0|    2|           1|           1|
    |p_Result_152_fu_405_p2           |    and   |      0|   0|   22|          22|          22|
    |ashr_ln586_1_fu_750_p2           |   ashr   |      0|   0|  167|          54|          54|
    |ashr_ln586_fu_1029_p2            |   ashr   |      0|   0|  167|          54|          54|
    |l_fu_345_p3                      |   cttz   |      0|  40|   36|          32|           0|
    |icmp_ln53_fu_1195_p2             |   icmp   |      0|   0|   20|          22|           1|
    |icmp_ln571_1_fu_678_p2           |   icmp   |      0|   0|   29|          63|           1|
    |icmp_ln571_fu_957_p2             |   icmp   |      0|   0|   29|          63|           1|
    |icmp_ln581_1_fu_690_p2           |   icmp   |      0|   0|   13|          12|           4|
    |icmp_ln581_fu_969_p2             |   icmp   |      0|   0|   13|          12|           4|
    |icmp_ln582_1_fu_724_p2           |   icmp   |      0|   0|   13|          12|           4|
    |icmp_ln582_fu_1003_p2            |   icmp   |      0|   0|   13|          12|           4|
    |icmp_ln585_1_fu_734_p2           |   icmp   |      0|   0|   13|          12|           6|
    |icmp_ln585_fu_1013_p2            |   icmp   |      0|   0|   13|          12|           6|
    |icmp_ln603_1_fu_740_p2           |   icmp   |      0|   0|   13|          12|           5|
    |icmp_ln603_fu_1019_p2            |   icmp   |      0|   0|   13|          12|           5|
    |icmp_ln885_fu_317_p2             |   icmp   |      0|   0|   13|          14|           1|
    |icmp_ln897_1_fu_411_p2           |   icmp   |      0|   0|   20|          22|           1|
    |icmp_ln897_fu_379_p2             |   icmp   |      0|   0|   20|          31|           1|
    |icmp_ln908_fu_479_p2             |   icmp   |      0|   0|   20|          32|           1|
    |lshr_ln897_fu_399_p2             |   lshr   |      0|   0|   61|           2|          22|
    |lshr_ln908_fu_491_p2             |   lshr   |      0|   0|  101|          32|          32|
    |ap_block_state1                  |    or    |      0|   0|    2|           1|           1|
    |ap_block_state4_on_subcall_done  |    or    |      0|   0|    2|           1|           1|
    |or_ln581_10_fu_1109_p2           |    or    |      0|   0|    2|           1|           1|
    |or_ln581_fu_830_p2               |    or    |      0|   0|    2|           1|           1|
    |or_ln582_10_fu_1073_p2           |    or    |      0|   0|    2|           1|           1|
    |or_ln582_fu_794_p2               |    or    |      0|   0|    2|           1|           1|
    |or_ln603_46_fu_870_p2            |    or    |      0|   0|    2|           1|           1|
    |or_ln603_47_fu_884_p2            |    or    |      0|   0|    2|           1|           1|
    |or_ln603_48_fu_1135_p2           |    or    |      0|   0|    2|           1|           1|
    |or_ln603_49_fu_1149_p2           |    or    |      0|   0|    2|           1|           1|
    |or_ln603_50_fu_1163_p2           |    or    |      0|   0|    2|           1|           1|
    |or_ln603_fu_856_p2               |    or    |      0|   0|    2|           1|           1|
    |or_ln899_fu_457_p2               |    or    |      0|   0|    2|           1|           1|
    |c_V_fu_890_p3                    |  select  |      0|   0|   22|           1|          22|
    |m_47_fu_517_p3                   |  select  |      0|   0|   56|           1|          64|
    |man_V_47_fu_670_p3               |  select  |      0|   0|   55|           1|          54|
    |man_V_50_fu_949_p3               |  select  |      0|   0|   55|           1|          54|
    |s_V_fu_1169_p3                   |  select  |      0|   0|   22|           1|          22|
    |select_ln588_10_fu_1047_p3       |  select  |      0|   0|    2|           1|           2|
    |select_ln588_fu_768_p3           |  select  |      0|   0|    2|           1|           2|
    |select_ln603_64_fu_862_p3        |  select  |      0|   0|   22|           1|          22|
    |select_ln603_65_fu_876_p3        |  select  |      0|   0|   22|           1|          22|
    |select_ln603_67_fu_1127_p3       |  select  |      0|   0|   22|           1|          22|
    |select_ln603_68_fu_1141_p3       |  select  |      0|   0|   22|           1|          22|
    |select_ln603_69_fu_1155_p3       |  select  |      0|   0|   22|           1|          22|
    |select_ln603_fu_848_p3           |  select  |      0|   0|   22|           1|          22|
    |select_ln885_fu_605_p3           |  select  |      0|   0|   56|           1|           1|
    |select_ln915_fu_557_p3           |  select  |      0|   0|    9|           1|          10|
    |sh_amt_10_fu_987_p3              |  select  |      0|   0|   12|           1|          12|
    |sh_amt_fu_708_p3                 |  select  |      0|   0|   12|           1|          12|
    |shl_ln604_1_fu_776_p2            |    shl   |      0|   0|   61|          22|          22|
    |shl_ln604_fu_1055_p2             |    shl   |      0|   0|   61|          22|          22|
    |shl_ln908_fu_511_p2              |    shl   |      0|   0|  179|          64|          64|
    |xor_ln571_10_fu_1061_p2          |    xor   |      0|   0|    2|           1|           2|
    |xor_ln571_fu_782_p2              |    xor   |      0|   0|    2|           1|           2|
    |xor_ln581_10_fu_1115_p2          |    xor   |      0|   0|    2|           1|           2|
    |xor_ln581_fu_836_p2              |    xor   |      0|   0|    2|           1|           2|
    |xor_ln582_10_fu_1079_p2          |    xor   |      0|   0|    2|           1|           2|
    |xor_ln582_fu_800_p2              |    xor   |      0|   0|    2|           1|           2|
    |xor_ln585_10_fu_1091_p2          |    xor   |      0|   0|    2|           1|           2|
    |xor_ln585_fu_812_p2              |    xor   |      0|   0|    2|           1|           2|
    |xor_ln899_fu_431_p2              |    xor   |      0|   0|    2|           1|           2|
    +---------------------------------+----------+-------+----+-----+------------+------------+
    |Total                            |          |      8|  40| 2549|        1175|        1447|
    +---------------------------------+----------+-------+----+-----+------------+------------+

    * Multiplexer: 
    +---------------+----+-----------+-----+-----------+
    |      Name     | LUT| Input Size| Bits| Total Bits|
    +---------------+----+-----------+-----+-----------+
    |ap_NS_fsm      |  41|          8|    1|          8|
    |ap_done        |   9|          2|    1|          2|
    |i_0_reg_266    |   9|          2|   32|         64|
    |tmp_V_reg_242  |   9|          2|   14|         28|
    +---------------+----+-----------+-----+-----------+
    |Total          |  68|         14|   48|        102|
    +---------------+----+-----------+-----+-----------+

    * Register: 
    +---------------------------------------------+----+----+-----+-----------+
    |                     Name                    | FF | LUT| Bits| Const Bits|
    +---------------------------------------------+----+----+-----+-----------+
    |a_V_reg_1324                                 |  14|   0|   14|          0|
    |ap_CS_fsm                                    |   7|   0|    7|          0|
    |ap_done_reg                                  |   1|   0|    1|          0|
    |grp_sin_or_cos_double_s_fu_275_ap_start_reg  |   1|   0|    1|          0|
    |grp_sin_or_cos_double_s_fu_294_ap_start_reg  |   1|   0|    1|          0|
    |i_0_reg_266                                  |  32|   0|   32|          0|
    |i_12_reg_1386                                |  32|   0|   32|          0|
    |i_reg_253                                    |   1|   0|    1|          0|
    |select_ln885_reg_1318                        |  64|   0|   64|          0|
    |sext_ln1118_28_reg_1345                      |  33|   0|   33|          0|
    |sext_ln1118_reg_1339                         |  33|   0|   33|          0|
    |sext_ln55_reg_1354                           |  64|   0|   64|          0|
    |sext_ln57_reg_1370                           |  64|   0|   64|          0|
    |tmp_V_reg_242                                |  14|   0|   14|          0|
    |v_assign_reg_1329                            |  64|   0|   64|          0|
    |v_assign_s_reg_1334                          |  64|   0|   64|          0|
    |zext_ln891_reg_1313                          |   1|   0|   32|         31|
    +---------------------------------------------+----+----+-----+-----------+
    |Total                                        | 490|   0|  521|         31|
    +---------------------------------------------+----+----+-----+-----------+



================================================================
== Interface
================================================================
* Summary: 
+------------------+-----+-----+------------+--------------+--------------+
|     RTL Ports    | Dir | Bits|  Protocol  | Source Object|    C Type    |
+------------------+-----+-----+------------+--------------+--------------+
|ap_clk            |  in |    1| ap_ctrl_hs |  fft_stage81 | return value |
|ap_rst            |  in |    1| ap_ctrl_hs |  fft_stage81 | return value |
|ap_start          |  in |    1| ap_ctrl_hs |  fft_stage81 | return value |
|ap_done           | out |    1| ap_ctrl_hs |  fft_stage81 | return value |
|ap_continue       |  in |    1| ap_ctrl_hs |  fft_stage81 | return value |
|ap_idle           | out |    1| ap_ctrl_hs |  fft_stage81 | return value |
|ap_ready          | out |    1| ap_ctrl_hs |  fft_stage81 | return value |
|X_R_V_address0    | out |   10|  ap_memory |     X_R_V    |     array    |
|X_R_V_ce0         | out |    1|  ap_memory |     X_R_V    |     array    |
|X_R_V_q0          |  in |   22|  ap_memory |     X_R_V    |     array    |
|X_R_V_address1    | out |   10|  ap_memory |     X_R_V    |     array    |
|X_R_V_ce1         | out |    1|  ap_memory |     X_R_V    |     array    |
|X_R_V_q1          |  in |   22|  ap_memory |     X_R_V    |     array    |
|X_I_V_address0    | out |   10|  ap_memory |     X_I_V    |     array    |
|X_I_V_ce0         | out |    1|  ap_memory |     X_I_V    |     array    |
|X_I_V_q0          |  in |   22|  ap_memory |     X_I_V    |     array    |
|X_I_V_address1    | out |   10|  ap_memory |     X_I_V    |     array    |
|X_I_V_ce1         | out |    1|  ap_memory |     X_I_V    |     array    |
|X_I_V_q1          |  in |   22|  ap_memory |     X_I_V    |     array    |
|Out_R_V_address0  | out |   10|  ap_memory |    Out_R_V   |     array    |
|Out_R_V_ce0       | out |    1|  ap_memory |    Out_R_V   |     array    |
|Out_R_V_we0       | out |    1|  ap_memory |    Out_R_V   |     array    |
|Out_R_V_d0        | out |   22|  ap_memory |    Out_R_V   |     array    |
|Out_R_V_address1  | out |   10|  ap_memory |    Out_R_V   |     array    |
|Out_R_V_ce1       | out |    1|  ap_memory |    Out_R_V   |     array    |
|Out_R_V_we1       | out |    1|  ap_memory |    Out_R_V   |     array    |
|Out_R_V_d1        | out |   22|  ap_memory |    Out_R_V   |     array    |
|Out_I_V_address0  | out |   10|  ap_memory |    Out_I_V   |     array    |
|Out_I_V_ce0       | out |    1|  ap_memory |    Out_I_V   |     array    |
|Out_I_V_we0       | out |    1|  ap_memory |    Out_I_V   |     array    |
|Out_I_V_d0        | out |   22|  ap_memory |    Out_I_V   |     array    |
|Out_I_V_address1  | out |   10|  ap_memory |    Out_I_V   |     array    |
|Out_I_V_ce1       | out |    1|  ap_memory |    Out_I_V   |     array    |
|Out_I_V_we1       | out |    1|  ap_memory |    Out_I_V   |     array    |
|Out_I_V_d1        | out |   22|  ap_memory |    Out_I_V   |     array    |
+------------------+-----+-----+------------+--------------+--------------+

