

================================================================
== Vivado HLS Report for 'fir'
================================================================
* Date:           Mon Jun 12 06:06:37 2023

* Version:        2020.1 (Build 2897737 on Wed May 27 20:21:37 MDT 2020)
* Project:        sec2_8
* Solution:       partition
* Product family: zynquplus
* Target device:  xqzu5ev-ffrb900-1-i


================================================================
== Performance Estimates
================================================================
+ Timing: 
    * Summary: 
    +--------+----------+----------+------------+
    |  Clock |  Target  | Estimated| Uncertainty|
    +--------+----------+----------+------------+
    |ap_clk  | 10.00 ns | 6.435 ns |   1.25 ns  |
    +--------+----------+----------+------------+

+ Latency: 
    * Summary: 
    +---------+---------+----------+----------+-----+-----+---------+
    |  Latency (cycles) |  Latency (absolute) |  Interval | Pipeline|
    |   min   |   max   |    min   |    max   | min | max |   Type  |
    +---------+---------+----------+----------+-----+-----+---------+
    |       44|       44| 0.440 us | 0.440 us |   44|   44|   none  |
    +---------+---------+----------+----------+-----+-----+---------+

    + Detail: 
        * Instance: 
        N/A

        * Loop: 
        +----------+---------+---------+----------+-----------+-----------+------+----------+
        |          |  Latency (cycles) | Iteration|  Initiation Interval  | Trip |          |
        | Loop Name|   min   |   max   |  Latency |  achieved |   target  | Count| Pipelined|
        +----------+---------+---------+----------+-----------+-----------+------+----------+
        |- TDL     |       20|       20|         2|          -|          -|    10|    no    |
        |- MAC     |       22|       22|         2|          -|          -|    11|    no    |
        +----------+---------+---------+----------+-----------+-----------+------+----------+



================================================================
== Utilization Estimates
================================================================
* Summary: 
+-----------------+---------+-------+--------+--------+-----+
|       Name      | BRAM_18K| DSP48E|   FF   |   LUT  | URAM|
+-----------------+---------+-------+--------+--------+-----+
|DSP              |        -|      -|       -|       -|    -|
|Expression       |        -|      2|       0|      95|    -|
|FIFO             |        -|      -|       -|       -|    -|
|Instance         |        -|      -|       -|       -|    -|
|Memory           |        0|      -|      74|       8|    0|
|Multiplexer      |        -|      -|       -|     102|    -|
|Register         |        -|      -|      55|       -|    -|
+-----------------+---------+-------+--------+--------+-----+
|Total            |        0|      2|     129|     205|    0|
+-----------------+---------+-------+--------+--------+-----+
|Available        |      288|   1248|  234240|  117120|   64|
+-----------------+---------+-------+--------+--------+-----+
|Utilization (%)  |        0|   ~0  |   ~0   |   ~0   |    0|
+-----------------+---------+-------+--------+--------+-----+

+ Detail: 
    * Instance: 
    N/A

    * DSP48E: 
    N/A

    * Memory: 
    +-------------+---------------+---------+----+----+-----+------+-----+------+-------------+
    |    Memory   |     Module    | BRAM_18K| FF | LUT| URAM| Words| Bits| Banks| W*Bits*Banks|
    +-------------+---------------+---------+----+----+-----+------+-----+------+-------------+
    |c1_U         |fir_c1         |        0|  10|   2|    0|    11|   10|     1|          110|
    |shift_reg_U  |fir_shift_reg  |        0|  64|   6|    0|    11|   32|     1|          352|
    +-------------+---------------+---------+----+----+-----+------+-----+------+-------------+
    |Total        |               |        0|  74|   8|    0|    22|   42|     2|          462|
    +-------------+---------------+---------+----+----+-----+------+-----+------+-------------+

    * FIFO: 
    N/A

    * Expression: 
    +---------------------+----------+-------+---+----+------------+------------+
    |    Variable Name    | Operation| DSP48E| FF| LUT| Bitwidth P0| Bitwidth P1|
    +---------------------+----------+-------+---+----+------------+------------+
    |mul_ln25_fu_193_p2   |     *    |      2|  0|  20|          32|          10|
    |acc_fu_199_p2        |     +    |      0|  0|  39|          32|          32|
    |i_2_fu_183_p2        |     +    |      0|  0|  15|           5|           2|
    |i_fu_149_p2          |     +    |      0|  0|  12|           4|           2|
    |icmp_ln17_fu_143_p2  |   icmp   |      0|  0|   9|           4|           1|
    +---------------------+----------+-------+---+----+------------+------------+
    |Total                |          |      2|  0|  95|          77|          47|
    +---------------------+----------+-------+---+----+------------+------------+

    * Multiplexer: 
    +--------------------+----+-----------+-----+-----------+
    |        Name        | LUT| Input Size| Bits| Total Bits|
    +--------------------+----+-----------+-----+-----------+
    |acc_0_reg_119       |   9|          2|   32|         64|
    |ap_NS_fsm           |  33|          6|    1|          6|
    |i_0_reg_107         |   9|          2|    4|          8|
    |i_1_reg_132         |   9|          2|    5|         10|
    |shift_reg_address0  |  27|          5|    4|         20|
    |shift_reg_d0        |  15|          3|   32|         96|
    +--------------------+----+-----------+-----+-----------+
    |Total               | 102|         20|   78|        204|
    +--------------------+----+-----------+-----+-----------+

    * Register: 
    +---------------+----+----+-----+-----------+
    |      Name     | FF | LUT| Bits| Const Bits|
    +---------------+----+----+-----+-----------+
    |acc_0_reg_119  |  32|   0|   32|          0|
    |ap_CS_fsm      |   5|   0|    5|          0|
    |i_0_reg_107    |   4|   0|    4|          0|
    |i_1_reg_132    |   5|   0|    5|          0|
    |i_2_reg_236    |   5|   0|    5|          0|
    |i_reg_213      |   4|   0|    4|          0|
    +---------------+----+----+-----+-----------+
    |Total          |  55|   0|   55|          0|
    +---------------+----+----+-----+-----------+



================================================================
== Interface
================================================================
* Summary: 
+----------+-----+-----+------------+--------------+--------------+
| RTL Ports| Dir | Bits|  Protocol  | Source Object|    C Type    |
+----------+-----+-----+------------+--------------+--------------+
|ap_clk    |  in |    1| ap_ctrl_hs |      fir     | return value |
|ap_rst    |  in |    1| ap_ctrl_hs |      fir     | return value |
|ap_start  |  in |    1| ap_ctrl_hs |      fir     | return value |
|ap_done   | out |    1| ap_ctrl_hs |      fir     | return value |
|ap_idle   | out |    1| ap_ctrl_hs |      fir     | return value |
|ap_ready  | out |    1| ap_ctrl_hs |      fir     | return value |
|y         | out |   32|   ap_vld   |       y      |    pointer   |
|y_ap_vld  | out |    1|   ap_vld   |       y      |    pointer   |
|x         |  in |   32|   ap_none  |       x      |    scalar    |
+----------+-----+-----+------------+--------------+--------------+

