

================================================================
== Vivado HLS Report for 'fir'
================================================================
* Date:           Mon Jun 12 06:08:42 2023

* Version:        2020.1 (Build 2897737 on Wed May 27 20:21:37 MDT 2020)
* Project:        sec2_8
* Solution:       unroll_TDL
* Product family: zynquplus
* Target device:  xqzu5ev-ffrb900-1-i


================================================================
== Performance Estimates
================================================================
+ Timing: 
    * Summary: 
    +--------+----------+----------+------------+
    |  Clock |  Target  | Estimated| Uncertainty|
    +--------+----------+----------+------------+
    |ap_clk  | 10.00 ns | 6.435 ns |   1.25 ns  |
    +--------+----------+----------+------------+

+ Latency: 
    * Summary: 
    +---------+---------+----------+----------+-----+-----+---------+
    |  Latency (cycles) |  Latency (absolute) |  Interval | Pipeline|
    |   min   |   max   |    min   |    max   | min | max |   Type  |
    +---------+---------+----------+----------+-----+-----+---------+
    |       32|       32| 0.320 us | 0.320 us |   32|   32|   none  |
    +---------+---------+----------+----------+-----+-----+---------+

    + Detail: 
        * Instance: 
        N/A

        * Loop: 
        +----------+---------+---------+----------+-----------+-----------+------+----------+
        |          |  Latency (cycles) | Iteration|  Initiation Interval  | Trip |          |
        | Loop Name|   min   |   max   |  Latency |  achieved |   target  | Count| Pipelined|
        +----------+---------+---------+----------+-----------+-----------+------+----------+
        |- MAC     |       22|       22|         2|          -|          -|    11|    no    |
        +----------+---------+---------+----------+-----------+-----------+------+----------+

============================================================
+ Verbose Summary: Synthesis Manager
============================================================
InlineROM: 1
ExposeGlobal: 0
============================================================
+ Verbose Summary: CDFG Model
============================================================
IsTopModel: 1
ResetActiveHigh: 1
IsCombinational: 0
IsDatapathOnly: 0
HasWiredReturn: 1
HasMFsm: 0
HasVarLatency: 1
IsPipeline: 0
IsRtlPipelined: 0
IsInstanceOverlapped: 0
IsDontTouch: 0
HasImplIP: 0
IsGatedGlobalClock: 0


============================================================
+ Verbose Summary: Schedule
============================================================
* Number of FSM states : 12
* Pipeline : 0
* Dataflow Pipeline: 0

* FSM state transitions: 
1 --> 2 
2 --> 3 
3 --> 4 
4 --> 5 
5 --> 6 
6 --> 7 
7 --> 8 
8 --> 9 
9 --> 10 
10 --> 11 
11 --> 12 
12 --> 11 

* FSM state operations: 

State 1 <SV = 0> <Delay = 0.79>
ST_1 : Operation 13 [2/2] (0.79ns)   --->   "%shift_reg_load = load i32* getelementptr inbounds ([11 x i32]* @shift_reg, i64 0, i64 9), align 4" [fir11_sec2_8.cpp:18]   --->   Operation 13 'load' 'shift_reg_load' <Predicate = true> <Delay = 0.79> <Core = "RAM">   --->   Core 37 'RAM' <Latency = 1> <II = 1> <Delay = 0.79> <Storage> <Opcode : 'load' 'store'> <Ports = 2> <Width = 32> <Depth = 11> <RAM>
ST_1 : Operation 14 [2/2] (0.79ns)   --->   "%shift_reg_load_10 = load i32* getelementptr inbounds ([11 x i32]* @shift_reg, i64 0, i64 8), align 16" [fir11_sec2_8.cpp:18]   --->   Operation 14 'load' 'shift_reg_load_10' <Predicate = true> <Delay = 0.79> <Core = "RAM">   --->   Core 37 'RAM' <Latency = 1> <II = 1> <Delay = 0.79> <Storage> <Opcode : 'load' 'store'> <Ports = 2> <Width = 32> <Depth = 11> <RAM>

State 2 <SV = 1> <Delay = 0.79>
ST_2 : Operation 15 [1/2] (0.79ns)   --->   "%shift_reg_load = load i32* getelementptr inbounds ([11 x i32]* @shift_reg, i64 0, i64 9), align 4" [fir11_sec2_8.cpp:18]   --->   Operation 15 'load' 'shift_reg_load' <Predicate = true> <Delay = 0.79> <Core = "RAM">   --->   Core 37 'RAM' <Latency = 1> <II = 1> <Delay = 0.79> <Storage> <Opcode : 'load' 'store'> <Ports = 2> <Width = 32> <Depth = 11> <RAM>
ST_2 : Operation 16 [1/2] (0.79ns)   --->   "%shift_reg_load_10 = load i32* getelementptr inbounds ([11 x i32]* @shift_reg, i64 0, i64 8), align 16" [fir11_sec2_8.cpp:18]   --->   Operation 16 'load' 'shift_reg_load_10' <Predicate = true> <Delay = 0.79> <Core = "RAM">   --->   Core 37 'RAM' <Latency = 1> <II = 1> <Delay = 0.79> <Storage> <Opcode : 'load' 'store'> <Ports = 2> <Width = 32> <Depth = 11> <RAM>
ST_2 : Operation 17 [2/2] (0.79ns)   --->   "%shift_reg_load_2 = load i32* getelementptr inbounds ([11 x i32]* @shift_reg, i64 0, i64 7), align 4" [fir11_sec2_8.cpp:18]   --->   Operation 17 'load' 'shift_reg_load_2' <Predicate = true> <Delay = 0.79> <Core = "RAM">   --->   Core 37 'RAM' <Latency = 1> <II = 1> <Delay = 0.79> <Storage> <Opcode : 'load' 'store'> <Ports = 2> <Width = 32> <Depth = 11> <RAM>
ST_2 : Operation 18 [2/2] (0.79ns)   --->   "%shift_reg_load_3 = load i32* getelementptr inbounds ([11 x i32]* @shift_reg, i64 0, i64 6), align 8" [fir11_sec2_8.cpp:18]   --->   Operation 18 'load' 'shift_reg_load_3' <Predicate = true> <Delay = 0.79> <Core = "RAM">   --->   Core 37 'RAM' <Latency = 1> <II = 1> <Delay = 0.79> <Storage> <Opcode : 'load' 'store'> <Ports = 2> <Width = 32> <Depth = 11> <RAM>

State 3 <SV = 2> <Delay = 0.79>
ST_3 : Operation 19 [1/2] (0.79ns)   --->   "%shift_reg_load_2 = load i32* getelementptr inbounds ([11 x i32]* @shift_reg, i64 0, i64 7), align 4" [fir11_sec2_8.cpp:18]   --->   Operation 19 'load' 'shift_reg_load_2' <Predicate = true> <Delay = 0.79> <Core = "RAM">   --->   Core 37 'RAM' <Latency = 1> <II = 1> <Delay = 0.79> <Storage> <Opcode : 'load' 'store'> <Ports = 2> <Width = 32> <Depth = 11> <RAM>
ST_3 : Operation 20 [1/2] (0.79ns)   --->   "%shift_reg_load_3 = load i32* getelementptr inbounds ([11 x i32]* @shift_reg, i64 0, i64 6), align 8" [fir11_sec2_8.cpp:18]   --->   Operation 20 'load' 'shift_reg_load_3' <Predicate = true> <Delay = 0.79> <Core = "RAM">   --->   Core 37 'RAM' <Latency = 1> <II = 1> <Delay = 0.79> <Storage> <Opcode : 'load' 'store'> <Ports = 2> <Width = 32> <Depth = 11> <RAM>
ST_3 : Operation 21 [2/2] (0.79ns)   --->   "%shift_reg_load_4 = load i32* getelementptr inbounds ([11 x i32]* @shift_reg, i64 0, i64 5), align 4" [fir11_sec2_8.cpp:18]   --->   Operation 21 'load' 'shift_reg_load_4' <Predicate = true> <Delay = 0.79> <Core = "RAM">   --->   Core 37 'RAM' <Latency = 1> <II = 1> <Delay = 0.79> <Storage> <Opcode : 'load' 'store'> <Ports = 2> <Width = 32> <Depth = 11> <RAM>
ST_3 : Operation 22 [2/2] (0.79ns)   --->   "%shift_reg_load_5 = load i32* getelementptr inbounds ([11 x i32]* @shift_reg, i64 0, i64 4), align 16" [fir11_sec2_8.cpp:18]   --->   Operation 22 'load' 'shift_reg_load_5' <Predicate = true> <Delay = 0.79> <Core = "RAM">   --->   Core 37 'RAM' <Latency = 1> <II = 1> <Delay = 0.79> <Storage> <Opcode : 'load' 'store'> <Ports = 2> <Width = 32> <Depth = 11> <RAM>

State 4 <SV = 3> <Delay = 0.79>
ST_4 : Operation 23 [1/2] (0.79ns)   --->   "%shift_reg_load_4 = load i32* getelementptr inbounds ([11 x i32]* @shift_reg, i64 0, i64 5), align 4" [fir11_sec2_8.cpp:18]   --->   Operation 23 'load' 'shift_reg_load_4' <Predicate = true> <Delay = 0.79> <Core = "RAM">   --->   Core 37 'RAM' <Latency = 1> <II = 1> <Delay = 0.79> <Storage> <Opcode : 'load' 'store'> <Ports = 2> <Width = 32> <Depth = 11> <RAM>
ST_4 : Operation 24 [1/2] (0.79ns)   --->   "%shift_reg_load_5 = load i32* getelementptr inbounds ([11 x i32]* @shift_reg, i64 0, i64 4), align 16" [fir11_sec2_8.cpp:18]   --->   Operation 24 'load' 'shift_reg_load_5' <Predicate = true> <Delay = 0.79> <Core = "RAM">   --->   Core 37 'RAM' <Latency = 1> <II = 1> <Delay = 0.79> <Storage> <Opcode : 'load' 'store'> <Ports = 2> <Width = 32> <Depth = 11> <RAM>
ST_4 : Operation 25 [2/2] (0.79ns)   --->   "%shift_reg_load_6 = load i32* getelementptr inbounds ([11 x i32]* @shift_reg, i64 0, i64 3), align 4" [fir11_sec2_8.cpp:18]   --->   Operation 25 'load' 'shift_reg_load_6' <Predicate = true> <Delay = 0.79> <Core = "RAM">   --->   Core 37 'RAM' <Latency = 1> <II = 1> <Delay = 0.79> <Storage> <Opcode : 'load' 'store'> <Ports = 2> <Width = 32> <Depth = 11> <RAM>
ST_4 : Operation 26 [2/2] (0.79ns)   --->   "%shift_reg_load_7 = load i32* getelementptr inbounds ([11 x i32]* @shift_reg, i64 0, i64 2), align 8" [fir11_sec2_8.cpp:18]   --->   Operation 26 'load' 'shift_reg_load_7' <Predicate = true> <Delay = 0.79> <Core = "RAM">   --->   Core 37 'RAM' <Latency = 1> <II = 1> <Delay = 0.79> <Storage> <Opcode : 'load' 'store'> <Ports = 2> <Width = 32> <Depth = 11> <RAM>

State 5 <SV = 4> <Delay = 0.79>
ST_5 : Operation 27 [1/1] (0.00ns)   --->   "%x_read = call i32 @_ssdm_op_Read.ap_auto.i32(i32 %x) nounwind" [fir11_sec2_8.cpp:8]   --->   Operation 27 'read' 'x_read' <Predicate = true> <Delay = 0.00>
ST_5 : Operation 28 [1/2] (0.79ns)   --->   "%shift_reg_load_6 = load i32* getelementptr inbounds ([11 x i32]* @shift_reg, i64 0, i64 3), align 4" [fir11_sec2_8.cpp:18]   --->   Operation 28 'load' 'shift_reg_load_6' <Predicate = true> <Delay = 0.79> <Core = "RAM">   --->   Core 37 'RAM' <Latency = 1> <II = 1> <Delay = 0.79> <Storage> <Opcode : 'load' 'store'> <Ports = 2> <Width = 32> <Depth = 11> <RAM>
ST_5 : Operation 29 [1/2] (0.79ns)   --->   "%shift_reg_load_7 = load i32* getelementptr inbounds ([11 x i32]* @shift_reg, i64 0, i64 2), align 8" [fir11_sec2_8.cpp:18]   --->   Operation 29 'load' 'shift_reg_load_7' <Predicate = true> <Delay = 0.79> <Core = "RAM">   --->   Core 37 'RAM' <Latency = 1> <II = 1> <Delay = 0.79> <Storage> <Opcode : 'load' 'store'> <Ports = 2> <Width = 32> <Depth = 11> <RAM>
ST_5 : Operation 30 [2/2] (0.79ns)   --->   "%shift_reg_load_8 = load i32* getelementptr inbounds ([11 x i32]* @shift_reg, i64 0, i64 1), align 4" [fir11_sec2_8.cpp:18]   --->   Operation 30 'load' 'shift_reg_load_8' <Predicate = true> <Delay = 0.79> <Core = "RAM">   --->   Core 37 'RAM' <Latency = 1> <II = 1> <Delay = 0.79> <Storage> <Opcode : 'load' 'store'> <Ports = 2> <Width = 32> <Depth = 11> <RAM>
ST_5 : Operation 31 [2/2] (0.79ns)   --->   "%shift_reg_load_9 = load i32* getelementptr inbounds ([11 x i32]* @shift_reg, i64 0, i64 0), align 16" [fir11_sec2_8.cpp:18]   --->   Operation 31 'load' 'shift_reg_load_9' <Predicate = true> <Delay = 0.79> <Core = "RAM">   --->   Core 37 'RAM' <Latency = 1> <II = 1> <Delay = 0.79> <Storage> <Opcode : 'load' 'store'> <Ports = 2> <Width = 32> <Depth = 11> <RAM>
ST_5 : Operation 32 [1/1] (0.79ns)   --->   "store i32 %x_read, i32* getelementptr inbounds ([11 x i32]* @shift_reg, i64 0, i64 0), align 16" [fir11_sec2_8.cpp:20]   --->   Operation 32 'store' <Predicate = true> <Delay = 0.79> <Core = "RAM">   --->   Core 37 'RAM' <Latency = 1> <II = 1> <Delay = 0.79> <Storage> <Opcode : 'load' 'store'> <Ports = 2> <Width = 32> <Depth = 11> <RAM>

State 6 <SV = 5> <Delay = 0.79>
ST_6 : Operation 33 [1/1] (0.79ns)   --->   "store i32 %shift_reg_load, i32* getelementptr inbounds ([11 x i32]* @shift_reg, i64 0, i64 10), align 8" [fir11_sec2_8.cpp:18]   --->   Operation 33 'store' <Predicate = true> <Delay = 0.79> <Core = "RAM">   --->   Core 37 'RAM' <Latency = 1> <II = 1> <Delay = 0.79> <Storage> <Opcode : 'load' 'store'> <Ports = 2> <Width = 32> <Depth = 11> <RAM>
ST_6 : Operation 34 [1/1] (0.79ns)   --->   "store i32 %shift_reg_load_10, i32* getelementptr inbounds ([11 x i32]* @shift_reg, i64 0, i64 9), align 4" [fir11_sec2_8.cpp:18]   --->   Operation 34 'store' <Predicate = true> <Delay = 0.79> <Core = "RAM">   --->   Core 37 'RAM' <Latency = 1> <II = 1> <Delay = 0.79> <Storage> <Opcode : 'load' 'store'> <Ports = 2> <Width = 32> <Depth = 11> <RAM>
ST_6 : Operation 35 [1/2] (0.79ns)   --->   "%shift_reg_load_8 = load i32* getelementptr inbounds ([11 x i32]* @shift_reg, i64 0, i64 1), align 4" [fir11_sec2_8.cpp:18]   --->   Operation 35 'load' 'shift_reg_load_8' <Predicate = true> <Delay = 0.79> <Core = "RAM">   --->   Core 37 'RAM' <Latency = 1> <II = 1> <Delay = 0.79> <Storage> <Opcode : 'load' 'store'> <Ports = 2> <Width = 32> <Depth = 11> <RAM>
ST_6 : Operation 36 [1/2] (0.79ns)   --->   "%shift_reg_load_9 = load i32* getelementptr inbounds ([11 x i32]* @shift_reg, i64 0, i64 0), align 16" [fir11_sec2_8.cpp:18]   --->   Operation 36 'load' 'shift_reg_load_9' <Predicate = true> <Delay = 0.79> <Core = "RAM">   --->   Core 37 'RAM' <Latency = 1> <II = 1> <Delay = 0.79> <Storage> <Opcode : 'load' 'store'> <Ports = 2> <Width = 32> <Depth = 11> <RAM>

State 7 <SV = 6> <Delay = 0.79>
ST_7 : Operation 37 [1/1] (0.79ns)   --->   "store i32 %shift_reg_load_2, i32* getelementptr inbounds ([11 x i32]* @shift_reg, i64 0, i64 8), align 16" [fir11_sec2_8.cpp:18]   --->   Operation 37 'store' <Predicate = true> <Delay = 0.79> <Core = "RAM">   --->   Core 37 'RAM' <Latency = 1> <II = 1> <Delay = 0.79> <Storage> <Opcode : 'load' 'store'> <Ports = 2> <Width = 32> <Depth = 11> <RAM>
ST_7 : Operation 38 [1/1] (0.79ns)   --->   "store i32 %shift_reg_load_3, i32* getelementptr inbounds ([11 x i32]* @shift_reg, i64 0, i64 7), align 4" [fir11_sec2_8.cpp:18]   --->   Operation 38 'store' <Predicate = true> <Delay = 0.79> <Core = "RAM">   --->   Core 37 'RAM' <Latency = 1> <II = 1> <Delay = 0.79> <Storage> <Opcode : 'load' 'store'> <Ports = 2> <Width = 32> <Depth = 11> <RAM>

State 8 <SV = 7> <Delay = 0.79>
ST_8 : Operation 39 [1/1] (0.79ns)   --->   "store i32 %shift_reg_load_4, i32* getelementptr inbounds ([11 x i32]* @shift_reg, i64 0, i64 6), align 8" [fir11_sec2_8.cpp:18]   --->   Operation 39 'store' <Predicate = true> <Delay = 0.79> <Core = "RAM">   --->   Core 37 'RAM' <Latency = 1> <II = 1> <Delay = 0.79> <Storage> <Opcode : 'load' 'store'> <Ports = 2> <Width = 32> <Depth = 11> <RAM>
ST_8 : Operation 40 [1/1] (0.79ns)   --->   "store i32 %shift_reg_load_5, i32* getelementptr inbounds ([11 x i32]* @shift_reg, i64 0, i64 5), align 4" [fir11_sec2_8.cpp:18]   --->   Operation 40 'store' <Predicate = true> <Delay = 0.79> <Core = "RAM">   --->   Core 37 'RAM' <Latency = 1> <II = 1> <Delay = 0.79> <Storage> <Opcode : 'load' 'store'> <Ports = 2> <Width = 32> <Depth = 11> <RAM>

State 9 <SV = 8> <Delay = 0.79>
ST_9 : Operation 41 [1/1] (0.79ns)   --->   "store i32 %shift_reg_load_6, i32* getelementptr inbounds ([11 x i32]* @shift_reg, i64 0, i64 4), align 16" [fir11_sec2_8.cpp:18]   --->   Operation 41 'store' <Predicate = true> <Delay = 0.79> <Core = "RAM">   --->   Core 37 'RAM' <Latency = 1> <II = 1> <Delay = 0.79> <Storage> <Opcode : 'load' 'store'> <Ports = 2> <Width = 32> <Depth = 11> <RAM>
ST_9 : Operation 42 [1/1] (0.79ns)   --->   "store i32 %shift_reg_load_7, i32* getelementptr inbounds ([11 x i32]* @shift_reg, i64 0, i64 3), align 4" [fir11_sec2_8.cpp:18]   --->   Operation 42 'store' <Predicate = true> <Delay = 0.79> <Core = "RAM">   --->   Core 37 'RAM' <Latency = 1> <II = 1> <Delay = 0.79> <Storage> <Opcode : 'load' 'store'> <Ports = 2> <Width = 32> <Depth = 11> <RAM>

State 10 <SV = 9> <Delay = 0.79>
ST_10 : Operation 43 [1/1] (0.00ns)   --->   "call void (...)* @_ssdm_op_SpecBitsMap(i32* %y) nounwind, !map !7"   --->   Operation 43 'specbitsmap' <Predicate = true> <Delay = 0.00>
ST_10 : Operation 44 [1/1] (0.00ns)   --->   "call void (...)* @_ssdm_op_SpecBitsMap(i32 %x) nounwind, !map !13"   --->   Operation 44 'specbitsmap' <Predicate = true> <Delay = 0.00>
ST_10 : Operation 45 [1/1] (0.00ns)   --->   "call void (...)* @_ssdm_op_SpecTopModule([4 x i8]* @fir_str) nounwind"   --->   Operation 45 'spectopmodule' <Predicate = true> <Delay = 0.00>
ST_10 : Operation 46 [1/1] (0.79ns)   --->   "store i32 %shift_reg_load_8, i32* getelementptr inbounds ([11 x i32]* @shift_reg, i64 0, i64 2), align 8" [fir11_sec2_8.cpp:18]   --->   Operation 46 'store' <Predicate = true> <Delay = 0.79> <Core = "RAM">   --->   Core 37 'RAM' <Latency = 1> <II = 1> <Delay = 0.79> <Storage> <Opcode : 'load' 'store'> <Ports = 2> <Width = 32> <Depth = 11> <RAM>
ST_10 : Operation 47 [1/1] (0.79ns)   --->   "store i32 %shift_reg_load_9, i32* getelementptr inbounds ([11 x i32]* @shift_reg, i64 0, i64 1), align 4" [fir11_sec2_8.cpp:18]   --->   Operation 47 'store' <Predicate = true> <Delay = 0.79> <Core = "RAM">   --->   Core 37 'RAM' <Latency = 1> <II = 1> <Delay = 0.79> <Storage> <Opcode : 'load' 'store'> <Ports = 2> <Width = 32> <Depth = 11> <RAM>
ST_10 : Operation 48 [1/1] (0.75ns)   --->   "br label %1" [fir11_sec2_8.cpp:24]   --->   Operation 48 'br' <Predicate = true> <Delay = 0.75>

State 11 <SV = 10> <Delay = 1.35>
ST_11 : Operation 49 [1/1] (0.00ns)   --->   "%acc_0 = phi i32 [ 0, %0 ], [ %acc, %2 ]"   --->   Operation 49 'phi' 'acc_0' <Predicate = true> <Delay = 0.00>
ST_11 : Operation 50 [1/1] (0.00ns)   --->   "%i_1 = phi i5 [ 10, %0 ], [ %i, %2 ]"   --->   Operation 50 'phi' 'i_1' <Predicate = true> <Delay = 0.00>
ST_11 : Operation 51 [1/1] (0.00ns)   --->   "%sext_ln24 = sext i5 %i_1 to i32" [fir11_sec2_8.cpp:24]   --->   Operation 51 'sext' 'sext_ln24' <Predicate = true> <Delay = 0.00>
ST_11 : Operation 52 [1/1] (0.00ns)   --->   "%tmp = call i1 @_ssdm_op_BitSelect.i1.i5.i32(i5 %i_1, i32 4)" [fir11_sec2_8.cpp:24]   --->   Operation 52 'bitselect' 'tmp' <Predicate = true> <Delay = 0.00>
ST_11 : Operation 53 [1/1] (0.00ns)   --->   "%empty = call i32 (...)* @_ssdm_op_SpecLoopTripCount(i64 11, i64 11, i64 11) nounwind"   --->   Operation 53 'speclooptripcount' 'empty' <Predicate = true> <Delay = 0.00>
ST_11 : Operation 54 [1/1] (0.00ns)   --->   "br i1 %tmp, label %3, label %2" [fir11_sec2_8.cpp:24]   --->   Operation 54 'br' <Predicate = true> <Delay = 0.00>
ST_11 : Operation 55 [1/1] (0.00ns)   --->   "%zext_ln25 = zext i32 %sext_ln24 to i64" [fir11_sec2_8.cpp:25]   --->   Operation 55 'zext' 'zext_ln25' <Predicate = (!tmp)> <Delay = 0.00>
ST_11 : Operation 56 [1/1] (0.00ns)   --->   "%shift_reg_addr = getelementptr inbounds [11 x i32]* @shift_reg, i64 0, i64 %zext_ln25" [fir11_sec2_8.cpp:25]   --->   Operation 56 'getelementptr' 'shift_reg_addr' <Predicate = (!tmp)> <Delay = 0.00>
ST_11 : Operation 57 [2/2] (0.79ns)   --->   "%shift_reg_load_1 = load i32* %shift_reg_addr, align 4" [fir11_sec2_8.cpp:25]   --->   Operation 57 'load' 'shift_reg_load_1' <Predicate = (!tmp)> <Delay = 0.79> <Core = "RAM">   --->   Core 37 'RAM' <Latency = 1> <II = 1> <Delay = 0.79> <Storage> <Opcode : 'load' 'store'> <Ports = 2> <Width = 32> <Depth = 11> <RAM>
ST_11 : Operation 58 [1/1] (0.00ns)   --->   "%c1_addr = getelementptr [11 x i10]* @c1, i64 0, i64 %zext_ln25" [fir11_sec2_8.cpp:25]   --->   Operation 58 'getelementptr' 'c1_addr' <Predicate = (!tmp)> <Delay = 0.00>
ST_11 : Operation 59 [2/2] (1.35ns)   --->   "%c1_load = load i10* %c1_addr, align 2" [fir11_sec2_8.cpp:25]   --->   Operation 59 'load' 'c1_load' <Predicate = (!tmp)> <Delay = 1.35> <Core = "ROM_nP">   --->   Core 52 'ROM_nP' <Latency = 1> <II = 1> <Delay = 1.35> <Storage> <Opcode : 'load'> <Ports = 0> <Width = 10> <Depth = 11> <ROM>
ST_11 : Operation 60 [1/1] (0.87ns)   --->   "%i = add i5 %i_1, -1" [fir11_sec2_8.cpp:24]   --->   Operation 60 'add' 'i' <Predicate = (!tmp)> <Delay = 0.87> <Core = "AddSub">   --->   Core 14 'AddSub' <Latency = 0> <II = 1> <Delay = 0.87> <FuncUnit> <Opcode : 'add' 'sub'> <InPorts = 2> <OutPorts = 1>
ST_11 : Operation 61 [1/1] (0.00ns)   --->   "call void @_ssdm_op_Write.ap_auto.i32P(i32* %y, i32 %acc_0) nounwind" [fir11_sec2_8.cpp:27]   --->   Operation 61 'write' <Predicate = (tmp)> <Delay = 0.00>
ST_11 : Operation 62 [1/1] (0.00ns)   --->   "ret void" [fir11_sec2_8.cpp:29]   --->   Operation 62 'ret' <Predicate = (tmp)> <Delay = 0.00>

State 12 <SV = 11> <Delay = 6.43>
ST_12 : Operation 63 [1/1] (0.00ns)   --->   "call void (...)* @_ssdm_op_SpecLoopName([4 x i8]* @p_str2) nounwind" [fir11_sec2_8.cpp:24]   --->   Operation 63 'specloopname' <Predicate = true> <Delay = 0.00>
ST_12 : Operation 64 [1/2] (0.79ns)   --->   "%shift_reg_load_1 = load i32* %shift_reg_addr, align 4" [fir11_sec2_8.cpp:25]   --->   Operation 64 'load' 'shift_reg_load_1' <Predicate = true> <Delay = 0.79> <Core = "RAM">   --->   Core 37 'RAM' <Latency = 1> <II = 1> <Delay = 0.79> <Storage> <Opcode : 'load' 'store'> <Ports = 2> <Width = 32> <Depth = 11> <RAM>
ST_12 : Operation 65 [1/2] (1.35ns)   --->   "%c1_load = load i10* %c1_addr, align 2" [fir11_sec2_8.cpp:25]   --->   Operation 65 'load' 'c1_load' <Predicate = true> <Delay = 1.35> <Core = "ROM_nP">   --->   Core 52 'ROM_nP' <Latency = 1> <II = 1> <Delay = 1.35> <Storage> <Opcode : 'load'> <Ports = 0> <Width = 10> <Depth = 11> <ROM>
ST_12 : Operation 66 [1/1] (0.00ns)   --->   "%sext_ln25 = sext i10 %c1_load to i32" [fir11_sec2_8.cpp:25]   --->   Operation 66 'sext' 'sext_ln25' <Predicate = true> <Delay = 0.00>
ST_12 : Operation 67 [1/1] (3.88ns)   --->   "%mul_ln25 = mul nsw i32 %shift_reg_load_1, %sext_ln25" [fir11_sec2_8.cpp:25]   --->   Operation 67 'mul' 'mul_ln25' <Predicate = true> <Delay = 3.88> <Core = "Mul">   --->   Core 16 'Mul' <Latency = 0> <II = 1> <Delay = 3.88> <FuncUnit> <Opcode : 'mul'> <InPorts = 2> <OutPorts = 1>
ST_12 : Operation 68 [1/1] (1.20ns)   --->   "%acc = add nsw i32 %mul_ln25, %acc_0" [fir11_sec2_8.cpp:25]   --->   Operation 68 'add' 'acc' <Predicate = true> <Delay = 1.20> <Core = "AddSub">   --->   Core 14 'AddSub' <Latency = 0> <II = 1> <Delay = 0.87> <FuncUnit> <Opcode : 'add' 'sub'> <InPorts = 2> <OutPorts = 1>
ST_12 : Operation 69 [1/1] (0.00ns)   --->   "br label %1" [fir11_sec2_8.cpp:24]   --->   Operation 69 'br' <Predicate = true> <Delay = 0.00>


============================================================
+ Verbose Summary: Timing violations
============================================================
Target clock period: 10ns, clock uncertainty: 1.25ns.

 <State 1>: 0.79ns
The critical path consists of the following:
	'load' operation ('shift_reg_load', fir11_sec2_8.cpp:18) on array 'shift_reg' [11]  (0.79 ns)

 <State 2>: 0.79ns
The critical path consists of the following:
	'load' operation ('shift_reg_load', fir11_sec2_8.cpp:18) on array 'shift_reg' [11]  (0.79 ns)

 <State 3>: 0.79ns
The critical path consists of the following:
	'load' operation ('shift_reg_load_2', fir11_sec2_8.cpp:18) on array 'shift_reg' [15]  (0.79 ns)

 <State 4>: 0.79ns
The critical path consists of the following:
	'load' operation ('shift_reg_load_4', fir11_sec2_8.cpp:18) on array 'shift_reg' [19]  (0.79 ns)

 <State 5>: 0.79ns
The critical path consists of the following:
	wire read on port 'x' (fir11_sec2_8.cpp:8) [10]  (0 ns)
	'store' operation ('store_ln20', fir11_sec2_8.cpp:20) of variable 'x', fir11_sec2_8.cpp:8 on array 'shift_reg' [31]  (0.79 ns)

 <State 6>: 0.79ns
The critical path consists of the following:
	'store' operation ('store_ln18', fir11_sec2_8.cpp:18) of variable 'shift_reg_load', fir11_sec2_8.cpp:18 on array 'shift_reg' [12]  (0.79 ns)

 <State 7>: 0.79ns
The critical path consists of the following:
	'store' operation ('store_ln18', fir11_sec2_8.cpp:18) of variable 'shift_reg_load_2', fir11_sec2_8.cpp:18 on array 'shift_reg' [16]  (0.79 ns)

 <State 8>: 0.79ns
The critical path consists of the following:
	'store' operation ('store_ln18', fir11_sec2_8.cpp:18) of variable 'shift_reg_load_4', fir11_sec2_8.cpp:18 on array 'shift_reg' [20]  (0.79 ns)

 <State 9>: 0.79ns
The critical path consists of the following:
	'store' operation ('store_ln18', fir11_sec2_8.cpp:18) of variable 'shift_reg_load_6', fir11_sec2_8.cpp:18 on array 'shift_reg' [24]  (0.79 ns)

 <State 10>: 0.79ns
The critical path consists of the following:
	'store' operation ('store_ln18', fir11_sec2_8.cpp:18) of variable 'shift_reg_load_8', fir11_sec2_8.cpp:18 on array 'shift_reg' [28]  (0.79 ns)

 <State 11>: 1.35ns
The critical path consists of the following:
	'phi' operation ('i') with incoming values : ('i', fir11_sec2_8.cpp:24) [35]  (0 ns)
	'getelementptr' operation ('c1_addr', fir11_sec2_8.cpp:25) [45]  (0 ns)
	'load' operation ('c1_load', fir11_sec2_8.cpp:25) on array 'c1' [46]  (1.35 ns)

 <State 12>: 6.44ns
The critical path consists of the following:
	'load' operation ('c1_load', fir11_sec2_8.cpp:25) on array 'c1' [46]  (1.35 ns)
	'mul' operation ('mul_ln25', fir11_sec2_8.cpp:25) [48]  (3.88 ns)
	'add' operation ('acc', fir11_sec2_8.cpp:25) [49]  (1.2 ns)


============================================================
+ Verbose Summary: Binding
============================================================
N/A
* FSMD analyzer results:
  - Output states:
 - Input state : 
  - Chain level:
	State 1
	State 2
	State 3
	State 4
	State 5
	State 6
	State 7
	State 8
	State 9
	State 10
	State 11
	State 12


============================================================
+ Verbose Summary: Datapath Resource usage 
============================================================
N/A
