

================================================================
== Vivado HLS Report for 'matrix_vector'
================================================================
* Date:           Wed Jun 21 12:00:48 2023

* Version:        2020.1 (Build 2897737 on Wed May 27 20:21:37 MDT 2020)
* Project:        matrix_vector_proj
* Solution:       unroll_data_loop
* Product family: zynquplus
* Target device:  xqzu5ev-ffrb900-1-i


================================================================
== Performance Estimates
================================================================
+ Timing: 
    * Summary: 
    +--------+---------+----------+------------+
    |  Clock |  Target | Estimated| Uncertainty|
    +--------+---------+----------+------------+
    |ap_clk  | 8.00 ns | 6.435 ns |   1.00 ns  |
    +--------+---------+----------+------------+

+ Latency: 
    * Summary: 
    +---------+---------+----------+----------+-----+-----+---------+
    |  Latency (cycles) |  Latency (absolute) |  Interval | Pipeline|
    |   min   |   max   |    min   |    max   | min | max |   Type  |
    +---------+---------+----------+----------+-----+-----+---------+
    |      136|      136| 1.088 us | 1.088 us |  136|  136|   none  |
    +---------+---------+----------+----------+-----+-----+---------+

    + Detail: 
        * Instance: 
        N/A

        * Loop: 
        +--------------------+---------+---------+----------+-----------+-----------+------+----------+
        |                    |  Latency (cycles) | Iteration|  Initiation Interval  | Trip |          |
        |      Loop Name     |   min   |   max   |  Latency |  achieved |   target  | Count| Pipelined|
        +--------------------+---------+---------+----------+-----------+-----------+------+----------+
        |- dot_product_loop  |       16|       16|         2|          -|          -|     8|    no    |
        |- dot_product_loop  |       16|       16|         2|          -|          -|     8|    no    |
        |- dot_product_loop  |       16|       16|         2|          -|          -|     8|    no    |
        |- dot_product_loop  |       16|       16|         2|          -|          -|     8|    no    |
        |- dot_product_loop  |       16|       16|         2|          -|          -|     8|    no    |
        |- dot_product_loop  |       16|       16|         2|          -|          -|     8|    no    |
        |- dot_product_loop  |       16|       16|         2|          -|          -|     8|    no    |
        |- dot_product_loop  |       16|       16|         2|          -|          -|     8|    no    |
        +--------------------+---------+---------+----------+-----------+-----------+------+----------+



================================================================
== Utilization Estimates
================================================================
* Summary: 
+-----------------+---------+-------+--------+--------+-----+
|       Name      | BRAM_18K| DSP48E|   FF   |   LUT  | URAM|
+-----------------+---------+-------+--------+--------+-----+
|DSP              |        -|      -|       -|       -|    -|
|Expression       |        -|      6|       0|     566|    -|
|FIFO             |        -|      -|       -|       -|    -|
|Instance         |        -|      -|       -|       -|    -|
|Memory           |        -|      -|       -|       -|    -|
|Multiplexer      |        -|      -|       -|     409|    -|
|Register         |        -|      -|     337|       -|    -|
+-----------------+---------+-------+--------+--------+-----+
|Total            |        0|      6|     337|     975|    0|
+-----------------+---------+-------+--------+--------+-----+
|Available        |      288|   1248|  234240|  117120|   64|
+-----------------+---------+-------+--------+--------+-----+
|Utilization (%)  |        0|   ~0  |   ~0   |   ~0   |    0|
+-----------------+---------+-------+--------+--------+-----+

+ Detail: 
    * Instance: 
    N/A

    * DSP48E: 
    N/A

    * Memory: 
    N/A

    * FIFO: 
    N/A

    * Expression: 
    +-----------------------+----------+-------+---+----+------------+------------+
    |     Variable Name     | Operation| DSP48E| FF| LUT| Bitwidth P0| Bitwidth P1|
    +-----------------------+----------+-------+---+----+------------+------------+
    |grp_fu_467_p2          |     *    |      3|  0|  20|          32|          32|
    |grp_fu_473_p2          |     *    |      3|  0|  20|          32|          32|
    |add_ln10_1_fu_509_p2   |     +    |      0|  0|  12|           4|           1|
    |add_ln10_2_fu_543_p2   |     +    |      0|  0|  12|           4|           1|
    |add_ln10_3_fu_575_p2   |     +    |      0|  0|  12|           4|           1|
    |add_ln10_4_fu_613_p2   |     +    |      0|  0|  12|           4|           1|
    |add_ln10_5_fu_645_p2   |     +    |      0|  0|  12|           4|           1|
    |add_ln10_6_fu_683_p2   |     +    |      0|  0|  12|           4|           1|
    |add_ln10_7_fu_715_p2   |     +    |      0|  0|  12|           4|           1|
    |add_ln10_fu_485_p2     |     +    |      0|  0|  12|           4|           1|
    |add_ln11_1_fu_531_p2   |     +    |      0|  0|  39|          32|          32|
    |add_ln11_2_fu_563_p2   |     +    |      0|  0|  39|          32|          32|
    |add_ln11_3_fu_601_p2   |     +    |      0|  0|  39|          32|          32|
    |add_ln11_4_fu_633_p2   |     +    |      0|  0|  39|          32|          32|
    |add_ln11_5_fu_671_p2   |     +    |      0|  0|  39|          32|          32|
    |add_ln11_6_fu_703_p2   |     +    |      0|  0|  39|          32|          32|
    |add_ln11_7_fu_741_p2   |     +    |      0|  0|  39|          32|          32|
    |add_ln11_8_fu_660_p2   |     +    |      0|  0|  15|           6|           6|
    |add_ln11_fu_497_p2     |     +    |      0|  0|  39|          32|          32|
    |icmp_ln10_1_fu_503_p2  |   icmp   |      0|  0|  11|           4|           5|
    |icmp_ln10_2_fu_537_p2  |   icmp   |      0|  0|  11|           4|           5|
    |icmp_ln10_3_fu_569_p2  |   icmp   |      0|  0|  11|           4|           5|
    |icmp_ln10_4_fu_607_p2  |   icmp   |      0|  0|  11|           4|           5|
    |icmp_ln10_5_fu_639_p2  |   icmp   |      0|  0|  11|           4|           5|
    |icmp_ln10_6_fu_677_p2  |   icmp   |      0|  0|  11|           4|           5|
    |icmp_ln10_7_fu_709_p2  |   icmp   |      0|  0|  11|           4|           5|
    |icmp_ln10_fu_479_p2    |   icmp   |      0|  0|  11|           4|           5|
    |xor_ln11_1_fu_586_p2   |    xor   |      0|  0|   5|           4|           5|
    |xor_ln11_2_fu_726_p2   |    xor   |      0|  0|   5|           4|           5|
    |xor_ln11_fu_520_p2     |    xor   |      0|  0|   5|           4|           5|
    +-----------------------+----------+-------+---+----+------------+------------+
    |Total                  |          |      6|  0| 566|         402|         389|
    +-----------------------+----------+-------+---+----+------------+------------+

    * Multiplexer: 
    +-----------------+----+-----------+-----+-----------+
    |       Name      | LUT| Input Size| Bits| Total Bits|
    +-----------------+----+-----------+-----+-----------+
    |M_address0       |  44|          9|    6|         54|
    |V_In_address0    |  44|          9|    3|         27|
    |V_Out_address0   |  44|          9|    3|         27|
    |V_Out_d0         |  44|          9|   32|        288|
    |ap_NS_fsm        |  89|         18|    1|         18|
    |j_0_0_reg_275    |   9|          2|    4|          8|
    |j_0_1_reg_299    |   9|          2|    4|          8|
    |j_0_2_reg_323    |   9|          2|    4|          8|
    |j_0_3_reg_347    |   9|          2|    4|          8|
    |j_0_4_reg_371    |   9|          2|    4|          8|
    |j_0_5_reg_395    |   9|          2|    4|          8|
    |j_0_6_reg_419    |   9|          2|    4|          8|
    |j_0_7_reg_443    |   9|          2|    4|          8|
    |sum_0_0_reg_286  |   9|          2|   32|         64|
    |sum_0_1_reg_310  |   9|          2|   32|         64|
    |sum_0_2_reg_334  |   9|          2|   32|         64|
    |sum_0_3_reg_358  |   9|          2|   32|         64|
    |sum_0_4_reg_382  |   9|          2|   32|         64|
    |sum_0_5_reg_406  |   9|          2|   32|         64|
    |sum_0_6_reg_430  |   9|          2|   32|         64|
    |sum_0_7_reg_454  |   9|          2|   32|         64|
    +-----------------+----+-----------+-----+-----------+
    |Total            | 409|         86|  333|        990|
    +-----------------+----+-----------+-----+-----------+

    * Register: 
    +--------------------+----+----+-----+-----------+
    |        Name        | FF | LUT| Bits| Const Bits|
    +--------------------+----+----+-----+-----------+
    |add_ln10_1_reg_773  |   4|   0|    4|          0|
    |add_ln10_2_reg_796  |   4|   0|    4|          0|
    |add_ln10_3_reg_819  |   4|   0|    4|          0|
    |add_ln10_4_reg_842  |   4|   0|    4|          0|
    |add_ln10_5_reg_865  |   4|   0|    4|          0|
    |add_ln10_6_reg_888  |   4|   0|    4|          0|
    |add_ln10_7_reg_911  |   4|   0|    4|          0|
    |add_ln10_reg_750    |   4|   0|    4|          0|
    |ap_CS_fsm           |  17|   0|   17|          0|
    |j_0_0_reg_275       |   4|   0|    4|          0|
    |j_0_1_reg_299       |   4|   0|    4|          0|
    |j_0_2_reg_323       |   4|   0|    4|          0|
    |j_0_3_reg_347       |   4|   0|    4|          0|
    |j_0_4_reg_371       |   4|   0|    4|          0|
    |j_0_5_reg_395       |   4|   0|    4|          0|
    |j_0_6_reg_419       |   4|   0|    4|          0|
    |j_0_7_reg_443       |   4|   0|    4|          0|
    |sum_0_0_reg_286     |  32|   0|   32|          0|
    |sum_0_1_reg_310     |  32|   0|   32|          0|
    |sum_0_2_reg_334     |  32|   0|   32|          0|
    |sum_0_3_reg_358     |  32|   0|   32|          0|
    |sum_0_4_reg_382     |  32|   0|   32|          0|
    |sum_0_5_reg_406     |  32|   0|   32|          0|
    |sum_0_6_reg_430     |  32|   0|   32|          0|
    |sum_0_7_reg_454     |  32|   0|   32|          0|
    +--------------------+----+----+-----+-----------+
    |Total               | 337|   0|  337|          0|
    +--------------------+----+----+-----+-----------+



================================================================
== Interface
================================================================
* Summary: 
+----------------+-----+-----+------------+---------------+--------------+
|    RTL Ports   | Dir | Bits|  Protocol  | Source Object |    C Type    |
+----------------+-----+-----+------------+---------------+--------------+
|ap_clk          |  in |    1| ap_ctrl_hs | matrix_vector | return value |
|ap_rst          |  in |    1| ap_ctrl_hs | matrix_vector | return value |
|ap_start        |  in |    1| ap_ctrl_hs | matrix_vector | return value |
|ap_done         | out |    1| ap_ctrl_hs | matrix_vector | return value |
|ap_idle         | out |    1| ap_ctrl_hs | matrix_vector | return value |
|ap_ready        | out |    1| ap_ctrl_hs | matrix_vector | return value |
|M_address0      | out |    6|  ap_memory |       M       |     array    |
|M_ce0           | out |    1|  ap_memory |       M       |     array    |
|M_q0            |  in |   32|  ap_memory |       M       |     array    |
|V_In_address0   | out |    3|  ap_memory |      V_In     |     array    |
|V_In_ce0        | out |    1|  ap_memory |      V_In     |     array    |
|V_In_q0         |  in |   32|  ap_memory |      V_In     |     array    |
|V_Out_address0  | out |    3|  ap_memory |     V_Out     |     array    |
|V_Out_ce0       | out |    1|  ap_memory |     V_Out     |     array    |
|V_Out_we0       | out |    1|  ap_memory |     V_Out     |     array    |
|V_Out_d0        | out |   32|  ap_memory |     V_Out     |     array    |
+----------------+-----+-----+------------+---------------+--------------+

