

================================================================
== Vivado HLS Report for 'bit_reverse'
================================================================
* Date:           Thu Jul 13 03:27:56 2023

* Version:        2020.1 (Build 2897737 on Wed May 27 20:21:37 MDT 2020)
* Project:        fft_sw.proj
* Solution:       unroll_reverse_bits_loop
* Product family: zynquplus
* Target device:  xqzu5ev-ffrb900-1-i


================================================================
== Performance Estimates
================================================================
+ Timing: 
    * Summary: 
    +--------+----------+----------+------------+
    |  Clock |  Target  | Estimated| Uncertainty|
    +--------+----------+----------+------------+
    |ap_clk  | 10.00 ns | 2.704 ns |   1.25 ns  |
    +--------+----------+----------+------------+

+ Latency: 
    * Summary: 
    +---------+---------+-----------+-----------+------+------+---------+
    |  Latency (cycles) |   Latency (absolute)  |   Interval  | Pipeline|
    |   min   |   max   |    min    |    max    |  min |  max |   Type  |
    +---------+---------+-----------+-----------+------+------+---------+
    |     2049|     3073| 20.490 us | 30.730 us |  2049|  3073|   none  |
    +---------+---------+-----------+-----------+------+------+---------+

    + Detail: 
        * Instance: 
        N/A

        * Loop: 
        +--------------------+---------+---------+----------+-----------+-----------+------+----------+
        |                    |  Latency (cycles) | Iteration|  Initiation Interval  | Trip |          |
        |      Loop Name     |   min   |   max   |  Latency |  achieved |   target  | Count| Pipelined|
        +--------------------+---------+---------+----------+-----------+-----------+------+----------+
        |- bit_reverse_loop  |     2048|     3072|   2 ~ 3  |          -|          -|  1024|    no    |
        +--------------------+---------+---------+----------+-----------+-----------+------+----------+



================================================================
== Utilization Estimates
================================================================
* Summary: 
+-----------------+---------+-------+--------+--------+-----+
|       Name      | BRAM_18K| DSP48E|   FF   |   LUT  | URAM|
+-----------------+---------+-------+--------+--------+-----+
|DSP              |        -|      -|       -|       -|    -|
|Expression       |        -|      -|       0|      44|    -|
|FIFO             |        -|      -|       -|       -|    -|
|Instance         |        -|      -|       -|       -|    -|
|Memory           |        -|      -|       -|       -|    -|
|Multiplexer      |        -|      -|       -|      78|    -|
|Register         |        -|      -|      47|       -|    -|
+-----------------+---------+-------+--------+--------+-----+
|Total            |        0|      0|      47|     122|    0|
+-----------------+---------+-------+--------+--------+-----+
|Available        |      288|   1248|  234240|  117120|   64|
+-----------------+---------+-------+--------+--------+-----+
|Utilization (%)  |        0|      0|   ~0   |   ~0   |    0|
+-----------------+---------+-------+--------+--------+-----+

+ Detail: 
    * Instance: 
    N/A

    * DSP48E: 
    N/A

    * Memory: 
    N/A

    * FIFO: 
    N/A

    * Expression: 
    +---------------------+----------+-------+---+----+------------+------------+
    |    Variable Name    | Operation| DSP48E| FF| LUT| Bitwidth P0| Bitwidth P1|
    +---------------------+----------+-------+---+----+------------+------------+
    |i_fu_88_p2           |     +    |      0|  0|  18|          11|           1|
    |icmp_ln21_fu_82_p2   |   icmp   |      0|  0|  13|          11|          12|
    |icmp_ln23_fu_108_p2  |   icmp   |      0|  0|  13|          11|          11|
    +---------------------+----------+-------+---+----+------------+------------+
    |Total                |          |      0|  0|  44|          33|          24|
    +---------------------+----------+-------+---+----+------------+------------+

    * Multiplexer: 
    +---------------------+----+-----------+-----+-----------+
    |         Name        | LUT| Input Size| Bits| Total Bits|
    +---------------------+----+-----------+-----+-----------+
    |X_I_address0         |  21|          4|   10|         40|
    |X_R_address0         |  21|          4|   10|         40|
    |ap_NS_fsm            |  27|          5|    1|          5|
    |input_assign_reg_70  |   9|          2|   11|         22|
    +---------------------+----+-----------+-----+-----------+
    |Total                |  78|         15|   32|        107|
    +---------------------+----+-----------+-----+-----------+

    * Register: 
    +---------------------+----+----+-----+-----------+
    |         Name        | FF | LUT| Bits| Const Bits|
    +---------------------+----+----+-----+-----------+
    |X_I_addr_2_reg_143   |  10|   0|   10|          0|
    |X_R_addr_2_reg_138   |  10|   0|   10|          0|
    |ap_CS_fsm            |   4|   0|    4|          0|
    |i_reg_129            |  11|   0|   11|          0|
    |icmp_ln23_reg_134    |   1|   0|    1|          0|
    |input_assign_reg_70  |  11|   0|   11|          0|
    +---------------------+----+----+-----+-----------+
    |Total                |  47|   0|   47|          0|
    +---------------------+----+----+-----+-----------+



================================================================
== Interface
================================================================
* Summary: 
+--------------+-----+-----+------------+--------------+--------------+
|   RTL Ports  | Dir | Bits|  Protocol  | Source Object|    C Type    |
+--------------+-----+-----+------------+--------------+--------------+
|ap_clk        |  in |    1| ap_ctrl_hs |  bit_reverse | return value |
|ap_rst        |  in |    1| ap_ctrl_hs |  bit_reverse | return value |
|ap_start      |  in |    1| ap_ctrl_hs |  bit_reverse | return value |
|ap_done       | out |    1| ap_ctrl_hs |  bit_reverse | return value |
|ap_idle       | out |    1| ap_ctrl_hs |  bit_reverse | return value |
|ap_ready      | out |    1| ap_ctrl_hs |  bit_reverse | return value |
|X_R_address0  | out |   10|  ap_memory |      X_R     |     array    |
|X_R_ce0       | out |    1|  ap_memory |      X_R     |     array    |
|X_R_we0       | out |    1|  ap_memory |      X_R     |     array    |
|X_R_d0        | out |   32|  ap_memory |      X_R     |     array    |
|X_R_q0        |  in |   32|  ap_memory |      X_R     |     array    |
|X_I_address0  | out |   10|  ap_memory |      X_I     |     array    |
|X_I_ce0       | out |    1|  ap_memory |      X_I     |     array    |
|X_I_we0       | out |    1|  ap_memory |      X_I     |     array    |
|X_I_d0        | out |   32|  ap_memory |      X_I     |     array    |
|X_I_q0        |  in |   32|  ap_memory |      X_I     |     array    |
+--------------+-----+-----+------------+--------------+--------------+

