

================================================================
== Vivado HLS Report for 'dft'
================================================================
* Date:           Mon Jul  3 04:53:47 2023

* Version:        2020.1 (Build 2897737 on Wed May 27 20:21:37 MDT 2020)
* Project:        dft_proj
* Solution:       solution1
* Product family: zynquplus
* Target device:  xqzu5ev-ffrb900-1-i


================================================================
== Performance Estimates
================================================================
+ Timing: 
    * Summary: 
    +--------+---------+----------+------------+
    |  Clock |  Target | Estimated| Uncertainty|
    +--------+---------+----------+------------+
    |ap_clk  | 8.00 ns | 6.841 ns |   1.00 ns  |
    +--------+---------+----------+------------+

+ Latency: 
    * Summary: 
    +---------+---------+-----------+-----------+---------+---------+---------+
    |  Latency (cycles) |   Latency (absolute)  |      Interval     | Pipeline|
    |   min   |   max   |    min    |    max    |   min   |   max   |   Type  |
    +---------+---------+-----------+-----------+---------+---------+---------+
    |  3346434|  3543042| 26.771 ms | 28.344 ms |  3346434|  3543042|   none  |
    +---------+---------+-----------+-----------+---------+---------+---------+

    + Detail: 
        * Instance: 
        +--------------------------------+---------------------+---------+---------+----------+----------+-----+-----+---------+
        |                                |                     |  Latency (cycles) |  Latency (absolute) |  Interval | Pipeline|
        |            Instance            |        Module       |   min   |   max   |    min   |    max   | min | max |   Type  |
        +--------------------------------+---------------------+---------+---------+----------+----------+-----+-----+---------+
        |grp_sin_or_cos_double_s_fu_209  |sin_or_cos_double_s  |       24|       27| 0.192 us | 0.216 us |   24|   27|   none  |
        |grp_sin_or_cos_double_s_fu_228  |sin_or_cos_double_s  |       24|       27| 0.192 us | 0.216 us |   24|   27|   none  |
        +--------------------------------+---------------------+---------+---------+----------+----------+-----+-----+---------+

        * Loop: 
        +---------------+---------+---------+---------------+-----------+-----------+------+----------+
        |               |  Latency (cycles) |   Iteration   |  Initiation Interval  | Trip |          |
        |   Loop Name   |   min   |   max   |    Latency    |  achieved |   target  | Count| Pipelined|
        +---------------+---------+---------+---------------+-----------+-----------+------+----------+
        |- dft_label1   |  3345920|  3542528| 13070 ~ 13838 |          -|          -|   256|    no    |
        | + dft_label0  |    13056|    13824|    51 ~ 54    |          -|          -|   256|    no    |
        |- Loop 2       |      512|      512|              2|          -|          -|   256|    no    |
        +---------------+---------+---------+---------------+-----------+-----------+------+----------+



================================================================
== Utilization Estimates
================================================================
* Summary: 
+-----------------+---------+-------+--------+--------+-----+
|       Name      | BRAM_18K| DSP48E|   FF   |   LUT  | URAM|
+-----------------+---------+-------+--------+--------+-----+
|DSP              |        -|      -|       -|       -|    -|
|Expression       |        -|      -|       0|     154|    -|
|FIFO             |        -|      -|       -|       -|    -|
|Instance         |       16|    215|    6732|   14003|    -|
|Memory           |        2|      -|       0|       0|    0|
|Multiplexer      |        -|      -|       -|     460|    -|
|Register         |        -|      -|     700|       -|    -|
+-----------------+---------+-------+--------+--------+-----+
|Total            |       18|    215|    7432|   14617|    0|
+-----------------+---------+-------+--------+--------+-----+
|Available        |      288|   1248|  234240|  117120|   64|
+-----------------+---------+-------+--------+--------+-----+
|Utilization (%)  |        6|     17|       3|      12|    0|
+-----------------+---------+-------+--------+--------+-----+

+ Detail: 
    * Instance: 
    +--------------------------------+----------------------+---------+-------+------+------+-----+
    |            Instance            |        Module        | BRAM_18K| DSP48E|  FF  |  LUT | URAM|
    +--------------------------------+----------------------+---------+-------+------+------+-----+
    |dft_dmul_64ns_64nocq_U32        |dft_dmul_64ns_64nocq  |        0|     11|   317|   208|    0|
    |dft_fadd_32ns_32njbC_U23        |dft_fadd_32ns_32njbC  |        0|      2|   205|   206|    0|
    |dft_faddfsub_32nsibs_U22        |dft_faddfsub_32nsibs  |        0|      2|   205|   206|    0|
    |dft_fmul_32ns_32nkbM_U24        |dft_fmul_32ns_32nkbM  |        0|      3|   143|   140|    0|
    |dft_fmul_32ns_32nkbM_U25        |dft_fmul_32ns_32nkbM  |        0|      3|   143|   140|    0|
    |dft_fmul_32ns_32nkbM_U26        |dft_fmul_32ns_32nkbM  |        0|      3|   143|   140|    0|
    |dft_fmul_32ns_32nkbM_U27        |dft_fmul_32ns_32nkbM  |        0|      3|   143|   140|    0|
    |dft_fpext_32ns_64ncg_U31        |dft_fpext_32ns_64ncg  |        0|      0|   100|   139|    0|
    |dft_fptrunc_64ns_mb6_U29        |dft_fptrunc_64ns_mb6  |        0|      0|   128|    97|    0|
    |dft_fptrunc_64ns_mb6_U30        |dft_fptrunc_64ns_mb6  |        0|      0|   128|    97|    0|
    |dft_sitodp_32ns_6pcA_U33        |dft_sitodp_32ns_6pcA  |        0|      0|   343|   463|    0|
    |dft_sitofp_32ns_3lbW_U28        |dft_sitofp_32ns_3lbW  |        0|      0|   168|   339|    0|
    |grp_sin_or_cos_double_s_fu_209  |sin_or_cos_double_s   |        8|     94|  2283|  5844|    0|
    |grp_sin_or_cos_double_s_fu_228  |sin_or_cos_double_s   |        8|     94|  2283|  5844|    0|
    +--------------------------------+----------------------+---------+-------+------+------+-----+
    |Total                           |                      |       16|    215|  6732| 14003|    0|
    +--------------------------------+----------------------+---------+-------+------+------+-----+

    * DSP48E: 
    N/A

    * Memory: 
    +-------------+---------------+---------+---+----+-----+------+-----+------+-------------+
    |    Memory   |     Module    | BRAM_18K| FF| LUT| URAM| Words| Bits| Banks| W*Bits*Banks|
    +-------------+---------------+---------+---+----+-----+------+-----+------+-------------+
    |temp_real_U  |dft_temp_real  |        1|  0|   0|    0|   256|   32|     1|         8192|
    |temp_imag_U  |dft_temp_real  |        1|  0|   0|    0|   256|   32|     1|         8192|
    +-------------+---------------+---------+---+----+-----+------+-----+------+-------------+
    |Total        |               |        2|  0|   0|    0|   512|   64|     2|        16384|
    +-------------+---------------+---------+---+----+-----+------+-----+------+-------------+

    * FIFO: 
    N/A

    * Expression: 
    +----------------------------------+----------+-------+---+----+------------+------------+
    |           Variable Name          | Operation| DSP48E| FF| LUT| Bitwidth P0| Bitwidth P1|
    +----------------------------------+----------+-------+---+----+------------+------------+
    |i_3_fu_331_p2                     |     +    |      0|  0|  16|           9|           1|
    |i_fu_387_p2                       |     +    |      0|  0|  16|           9|           1|
    |j_fu_354_p2                       |     +    |      0|  0|  16|           9|           1|
    |icmp_ln18_fu_325_p2               |   icmp   |      0|  0|  13|           9|          10|
    |icmp_ln27_fu_348_p2               |   icmp   |      0|  0|  13|           9|          10|
    |icmp_ln40_fu_381_p2               |   icmp   |      0|  0|  13|           9|          10|
    |ap_block_state25_on_subcall_done  |    or    |      0|  0|   2|           1|           1|
    |xor_ln30_fu_364_p2                |    xor   |      0|  0|  65|          64|          65|
    +----------------------------------+----------+-------+---+----+------------+------------+
    |Total                             |          |      0|  0| 154|         119|          99|
    +----------------------------------+----------+-------+---+----+------------+------------+

    * Multiplexer: 
    +----------------------+-----+-----------+-----+-----------+
    |         Name         | LUT | Input Size| Bits| Total Bits|
    +----------------------+-----+-----------+-----+-----------+
    |ap_NS_fsm             |  193|         44|    1|         44|
    |empty_43_reg_162      |    9|          2|   32|         64|
    |empty_44_reg_174      |    9|          2|   32|         64|
    |grp_fu_247_opcode     |   15|          3|    2|          6|
    |grp_fu_247_p0         |   15|          3|   32|         96|
    |grp_fu_247_p1         |   15|          3|   32|         96|
    |grp_fu_251_p0         |   15|          3|   32|         96|
    |grp_fu_251_p1         |   15|          3|   32|         96|
    |grp_fu_257_p0         |   15|          3|   32|         96|
    |grp_fu_257_p1         |   15|          3|   32|         96|
    |grp_fu_280_p0         |   15|          3|   64|        192|
    |i_0_reg_150           |    9|          2|    9|         18|
    |i_1_reg_198           |    9|          2|    9|         18|
    |j_0_reg_186           |    9|          2|    9|         18|
    |sample_imag_address0  |   15|          3|    8|         24|
    |sample_real_address0  |   15|          3|    8|         24|
    |temp_imag_address0    |   21|          4|    8|         32|
    |temp_imag_d0          |   15|          3|   32|         96|
    |temp_real_address0    |   21|          4|    8|         32|
    |temp_real_d0          |   15|          3|   32|         96|
    +----------------------+-----+-----------+-----+-----------+
    |Total                 |  460|         98|  446|       1304|
    +----------------------+-----+-----------+-----+-----------+

    * Register: 
    +---------------------------------------------+----+----+-----+-----------+
    |                     Name                    | FF | LUT| Bits| Const Bits|
    +---------------------------------------------+----+----+-----+-----------+
    |ap_CS_fsm                                    |  43|   0|   43|          0|
    |c_reg_471                                    |  32|   0|   32|          0|
    |empty_43_reg_162                             |  32|   0|   32|          0|
    |empty_44_reg_174                             |  32|   0|   32|          0|
    |grp_sin_or_cos_double_s_fu_209_ap_start_reg  |   1|   0|    1|          0|
    |grp_sin_or_cos_double_s_fu_228_ap_start_reg  |   1|   0|    1|          0|
    |i_0_reg_150                                  |   9|   0|    9|          0|
    |i_1_reg_198                                  |   9|   0|    9|          0|
    |i_3_reg_407                                  |   9|   0|    9|          0|
    |i_reg_523                                    |   9|   0|    9|          0|
    |j_0_reg_186                                  |   9|   0|    9|          0|
    |j_reg_445                                    |   9|   0|    9|          0|
    |reg_300                                      |  32|   0|   32|          0|
    |reg_306                                      |  32|   0|   32|          0|
    |reg_313                                      |  32|   0|   32|          0|
    |s_reg_477                                    |  32|   0|   32|          0|
    |temp_imag_addr_reg_427                       |   8|   0|    8|          0|
    |temp_real_addr_reg_422                       |   8|   0|    8|          0|
    |tmp_2_reg_417                                |  64|   0|   64|          0|
    |tmp_3_reg_450                                |  32|   0|   32|          0|
    |tmp_5_reg_515                                |  32|   0|   32|          0|
    |tmp_7_reg_510                                |  32|   0|   32|          0|
    |tmp_reg_412                                  |  64|   0|   64|          0|
    |tmp_s_reg_505                                |  32|   0|   32|          0|
    |w_reg_432                                    |  32|   0|   32|          0|
    |x_assign_reg_455                             |  64|   0|   64|          0|
    |zext_ln41_reg_528                            |   9|   0|   64|         55|
    +---------------------------------------------+----+----+-----+-----------+
    |Total                                        | 700|   0|  755|         55|
    +---------------------------------------------+----+----+-----+-----------+



================================================================
== Interface
================================================================
* Summary: 
+----------------------+-----+-----+------------+--------------+--------------+
|       RTL Ports      | Dir | Bits|  Protocol  | Source Object|    C Type    |
+----------------------+-----+-----+------------+--------------+--------------+
|ap_clk                |  in |    1| ap_ctrl_hs |      dft     | return value |
|ap_rst                |  in |    1| ap_ctrl_hs |      dft     | return value |
|ap_start              |  in |    1| ap_ctrl_hs |      dft     | return value |
|ap_done               | out |    1| ap_ctrl_hs |      dft     | return value |
|ap_idle               | out |    1| ap_ctrl_hs |      dft     | return value |
|ap_ready              | out |    1| ap_ctrl_hs |      dft     | return value |
|sample_real_address0  | out |    8|  ap_memory |  sample_real |     array    |
|sample_real_ce0       | out |    1|  ap_memory |  sample_real |     array    |
|sample_real_we0       | out |    1|  ap_memory |  sample_real |     array    |
|sample_real_d0        | out |   32|  ap_memory |  sample_real |     array    |
|sample_real_q0        |  in |   32|  ap_memory |  sample_real |     array    |
|sample_imag_address0  | out |    8|  ap_memory |  sample_imag |     array    |
|sample_imag_ce0       | out |    1|  ap_memory |  sample_imag |     array    |
|sample_imag_we0       | out |    1|  ap_memory |  sample_imag |     array    |
|sample_imag_d0        | out |   32|  ap_memory |  sample_imag |     array    |
|sample_imag_q0        |  in |   32|  ap_memory |  sample_imag |     array    |
+----------------------+-----+-----+------------+--------------+--------------+

