

================================================================
== Vivado HLS Report for 'fft'
================================================================
* Date:           Thu Jul 13 05:21:41 2023

* Version:        2020.1 (Build 2897737 on Wed May 27 20:21:37 MDT 2020)
* Project:        fft_sw.proj
* Solution:       pipeline_reverse_bits
* Product family: zynquplus
* Target device:  xqzu5ev-ffrb900-1-i


================================================================
== Performance Estimates
================================================================
+ Timing: 
    * Summary: 
    +--------+----------+----------+------------+
    |  Clock |  Target  | Estimated| Uncertainty|
    +--------+----------+----------+------------+
    |ap_clk  | 10.00 ns | 8.635 ns |   1.25 ns  |
    +--------+----------+----------+------------+

+ Latency: 
    * Summary: 
    +---------+---------+-----------+-----------+---------+---------+---------+
    |  Latency (cycles) |   Latency (absolute)  |      Interval     | Pipeline|
    |   min   |   max   |    min    |    max    |   min   |   max   |   Type  |
    +---------+---------+-----------+-----------+---------+---------+---------+
    |  2589540|  2591284| 25.895 ms | 25.913 ms |  2589540|  2591284|   none  |
    +---------+---------+-----------+-----------+---------+---------+---------+

    + Detail: 
        * Instance: 
        +--------------------------------+---------------------+---------+---------+----------+----------+-----+-----+----------+
        |                                |                     |  Latency (cycles) |  Latency (absolute) |  Interval | Pipeline |
        |            Instance            |        Module       |   min   |   max   |    min   |    max   | min | max |   Type   |
        +--------------------------------+---------------------+---------+---------+----------+----------+-----+-----+----------+
        |grp_sin_or_cos_double_s_fu_218  |sin_or_cos_double_s  |       22|       25| 0.220 us | 0.250 us |   22|   25|   none   |
        |grp_sin_or_cos_double_s_fu_237  |sin_or_cos_double_s  |       22|       25| 0.220 us | 0.250 us |   22|   25|   none   |
        |reversed_reverse_bits_fu_256    |reverse_bits         |        0|        0|   0 ns   |   0 ns   |    1|    1| function |
        +--------------------------------+---------------------+---------+---------+----------+----------+-----+-----+----------+

        * Loop: 
        +--------------------+---------+---------+-----------------+-----------+-----------+------+----------+
        |                    |  Latency (cycles) |    Iteration    |  Initiation Interval  | Trip |          |
        |      Loop Name     |   min   |   max   |     Latency     |  achieved |   target  | Count| Pipelined|
        +--------------------+---------+---------+-----------------+-----------+-----------+------+----------+
        |- bit_reverse_loop  |     2048|     3072|      2 ~ 3      |          -|          -|  1024|    no    |
        |- stage_loop        |  2587490|  2588210| 258749 ~ 258821 |          -|          -|    10|    no    |
        | + butterfly_loop   |   258720|   258792|  10780 ~ 10783  |          -|          -|    24|    no    |
        |  ++ dft_loop       |    10752|    10752|               21|          -|          -|   512|    no    |
        +--------------------+---------+---------+-----------------+-----------+-----------+------+----------+



================================================================
== Utilization Estimates
================================================================
* Summary: 
+-----------------+---------+-------+--------+--------+-----+
|       Name      | BRAM_18K| DSP48E|   FF   |   LUT  | URAM|
+-----------------+---------+-------+--------+--------+-----+
|DSP              |        -|      -|       -|       -|    -|
|Expression       |        -|      -|       0|     219|    -|
|FIFO             |        -|      -|       -|       -|    -|
|Instance         |       16|    204|    7986|   16664|    -|
|Memory           |        -|      -|       -|       -|    -|
|Multiplexer      |        -|      -|       -|     533|    -|
|Register         |        -|      -|    1072|       -|    -|
+-----------------+---------+-------+--------+--------+-----+
|Total            |       16|    204|    9058|   17416|    0|
+-----------------+---------+-------+--------+--------+-----+
|Available        |      288|   1248|  234240|  117120|   64|
+-----------------+---------+-------+--------+--------+-----+
|Utilization (%)  |        5|     16|       3|      14|    0|
+-----------------+---------+-------+--------+--------+-----+

+ Detail: 
    * Instance: 
    +--------------------------------+----------------------+---------+-------+------+------+-----+
    |            Instance            |        Module        | BRAM_18K| DSP48E|  FF  |  LUT | URAM|
    +--------------------------------+----------------------+---------+-------+------+------+-----+
    |fft_ddiv_64ns_64nmb6_U32        |fft_ddiv_64ns_64nmb6  |        0|      0|  2248|  3242|    0|
    |fft_faddfsub_32nsibs_U23        |fft_faddfsub_32nsibs  |        0|      2|   227|   214|    0|
    |fft_faddfsub_32nsibs_U24        |fft_faddfsub_32nsibs  |        0|      2|   227|   214|    0|
    |fft_fmul_32ns_32njbC_U25        |fft_fmul_32ns_32njbC  |        0|      3|   128|   138|    0|
    |fft_fmul_32ns_32njbC_U26        |fft_fmul_32ns_32njbC  |        0|      3|   128|   138|    0|
    |fft_fmul_32ns_32njbC_U27        |fft_fmul_32ns_32njbC  |        0|      3|   128|   138|    0|
    |fft_fmul_32ns_32njbC_U28        |fft_fmul_32ns_32njbC  |        0|      3|   128|   138|    0|
    |fft_fpext_32ns_64lbW_U31        |fft_fpext_32ns_64lbW  |        0|      0|   100|   139|    0|
    |fft_fptrunc_64ns_kbM_U29        |fft_fptrunc_64ns_kbM  |        0|      0|   128|    97|    0|
    |fft_fptrunc_64ns_kbM_U30        |fft_fptrunc_64ns_kbM  |        0|      0|   128|    97|    0|
    |fft_sitodp_32ns_6ncg_U33        |fft_sitodp_32ns_6ncg  |        0|      0|   260|   415|    0|
    |reversed_reverse_bits_fu_256    |reverse_bits          |        0|      0|     0|     0|    0|
    |grp_sin_or_cos_double_s_fu_218  |sin_or_cos_double_s   |        8|     94|  2078|  5847|    0|
    |grp_sin_or_cos_double_s_fu_237  |sin_or_cos_double_s   |        8|     94|  2078|  5847|    0|
    +--------------------------------+----------------------+---------+-------+------+------+-----+
    |Total                           |                      |       16|    204|  7986| 16664|    0|
    +--------------------------------+----------------------+---------+-------+------+------+-----+

    * DSP48E: 
    N/A

    * Memory: 
    N/A

    * FIFO: 
    N/A

    * Expression: 
    +----------------------------------+----------+-------+---+----+------------+------------+
    |           Variable Name          | Operation| DSP48E| FF| LUT| Bitwidth P0| Bitwidth P1|
    +----------------------------------+----------+-------+---+----+------------+------------+
    |i_3_fu_339_p2                     |     +    |      0|  0|  18|          11|           1|
    |i_4_fu_455_p2                     |     +    |      0|  0|  39|          32|          32|
    |i_lower_fu_438_p2                 |     +    |      0|  0|  39|          32|          32|
    |j_fu_410_p2                       |     +    |      0|  0|  17|          10|           1|
    |stage_fu_416_p2                   |     +    |      0|  0|  12|           4|           1|
    |icmp_ln21_fu_333_p2               |   icmp   |      0|  0|  13|          11|          12|
    |icmp_ln23_fu_349_p2               |   icmp   |      0|  0|  13|          11|          11|
    |icmp_ln50_fu_371_p2               |   icmp   |      0|  0|   9|           4|           4|
    |icmp_ln57_fu_405_p2               |   icmp   |      0|  0|  13|          10|          10|
    |icmp_ln63_fu_432_p2               |   icmp   |      0|  0|  20|          22|           1|
    |ap_block_state35_on_subcall_done  |    or    |      0|  0|   2|           1|           1|
    |DFTpts_fu_377_p2                  |    shl   |      0|  0|  24|           1|          11|
    +----------------------------------+----------+-------+---+----+------------+------------+
    |Total                             |          |      0|  0| 219|         149|         117|
    +----------------------------------+----------+-------+---+----+------------+------------+

    * Multiplexer: 
    +-------------------+-----+-----------+-----+-----------+
    |        Name       | LUT | Input Size| Bits| Total Bits|
    +-------------------+-----+-----------+-----+-----------+
    |X_I_address0       |   38|          7|   10|         70|
    |X_I_d0             |   21|          4|   32|        128|
    |X_R_address0       |   38|          7|   10|         70|
    |X_R_d0             |   21|          4|   32|        128|
    |a_0_reg_197        |    9|          2|   32|         64|
    |ap_NS_fsm          |  253|         59|    1|         59|
    |grp_fu_262_opcode  |   15|          3|    2|          6|
    |grp_fu_262_p0      |   21|          4|   32|        128|
    |grp_fu_262_p1      |   21|          4|   32|        128|
    |grp_fu_267_opcode  |   15|          3|    2|          6|
    |grp_fu_267_p0      |   15|          3|   32|         96|
    |grp_fu_267_p1      |   15|          3|   32|         96|
    |grp_fu_287_p0      |   15|          3|   64|        192|
    |i_0_i_reg_162      |    9|          2|   11|         22|
    |i_0_reg_209        |    9|          2|   32|         64|
    |i_reg_186          |    9|          2|   10|         20|
    |stage_0_reg_174    |    9|          2|    4|          8|
    +-------------------+-----+-----------+-----+-----------+
    |Total              |  533|        114|  370|       1285|
    +-------------------+-----+-----------+-----+-----------+

    * Register: 
    +---------------------------------------------+----+----+-----+-----------+
    |                     Name                    | FF | LUT| Bits| Const Bits|
    +---------------------------------------------+----+----+-----+-----------+
    |X_I_addr_1_reg_596                           |  10|   0|   10|          0|
    |X_I_addr_3_reg_477                           |  10|   0|   10|          0|
    |X_I_addr_reg_586                             |  10|   0|   10|          0|
    |X_R_addr_1_reg_591                           |  10|   0|   10|          0|
    |X_R_addr_3_reg_472                           |  10|   0|   10|          0|
    |X_R_addr_reg_581                             |  10|   0|   10|          0|
    |a_0_reg_197                                  |  32|   0|   32|          0|
    |a_reg_561                                    |  32|   0|   32|          0|
    |ap_CS_fsm                                    |  58|   0|   58|          0|
    |c_reg_566                                    |  32|   0|   32|          0|
    |e_reg_522                                    |  32|   0|   32|          0|
    |grp_sin_or_cos_double_s_fu_218_ap_start_reg  |   1|   0|    1|          0|
    |grp_sin_or_cos_double_s_fu_237_ap_start_reg  |   1|   0|    1|          0|
    |i_0_i_reg_162                                |  11|   0|   11|          0|
    |i_0_reg_209                                  |  32|   0|   32|          0|
    |i_3_reg_463                                  |  11|   0|   11|          0|
    |i_4_reg_601                                  |  32|   0|   32|          0|
    |i_reg_186                                    |  10|   0|   10|          0|
    |icmp_ln23_reg_468                            |   1|   0|    1|          0|
    |j_reg_535                                    |  10|   0|   10|          0|
    |numBF_reg_517                                |  10|   0|   32|         22|
    |reg_307                                      |  32|   0|   32|          0|
    |reg_314                                      |  32|   0|   32|          0|
    |reg_321                                      |  32|   0|   32|          0|
    |reg_327                                      |  32|   0|   32|          0|
    |s_reg_572                                    |  32|   0|   32|          0|
    |stage_0_reg_174                              |   4|   0|    4|          0|
    |tmp_1_reg_626                                |  32|   0|   32|          0|
    |tmp_2_reg_512                                |  64|   0|   64|          0|
    |tmp_6_reg_631                                |  32|   0|   32|          0|
    |tmp_7_reg_606                                |  32|   0|   32|          0|
    |tmp_8_reg_611                                |  32|   0|   32|          0|
    |tmp_9_reg_616                                |  32|   0|   32|          0|
    |tmp_i_i9_reg_556                             |  64|   0|   64|          0|
    |tmp_i_i_reg_551                              |  64|   0|   64|          0|
    |tmp_reg_507                                  |  64|   0|   64|          0|
    |tmp_s_reg_621                                |  32|   0|   32|          0|
    |trunc_ln_reg_501                             |  10|   0|   10|          0|
    |x_assign_reg_545                             |  64|   0|   64|          0|
    |zext_ln51_reg_495                            |  11|   0|   32|         21|
    |zext_ln57_reg_527                            |  10|   0|   32|         22|
    +---------------------------------------------+----+----+-----+-----------+
    |Total                                        |1072|   0| 1137|         65|
    +---------------------------------------------+----+----+-----+-----------+



================================================================
== Interface
================================================================
* Summary: 
+--------------+-----+-----+------------+--------------+--------------+
|   RTL Ports  | Dir | Bits|  Protocol  | Source Object|    C Type    |
+--------------+-----+-----+------------+--------------+--------------+
|ap_clk        |  in |    1| ap_ctrl_hs |      fft     | return value |
|ap_rst        |  in |    1| ap_ctrl_hs |      fft     | return value |
|ap_start      |  in |    1| ap_ctrl_hs |      fft     | return value |
|ap_done       | out |    1| ap_ctrl_hs |      fft     | return value |
|ap_idle       | out |    1| ap_ctrl_hs |      fft     | return value |
|ap_ready      | out |    1| ap_ctrl_hs |      fft     | return value |
|X_R_address0  | out |   10|  ap_memory |      X_R     |     array    |
|X_R_ce0       | out |    1|  ap_memory |      X_R     |     array    |
|X_R_we0       | out |    1|  ap_memory |      X_R     |     array    |
|X_R_d0        | out |   32|  ap_memory |      X_R     |     array    |
|X_R_q0        |  in |   32|  ap_memory |      X_R     |     array    |
|X_I_address0  | out |   10|  ap_memory |      X_I     |     array    |
|X_I_ce0       | out |    1|  ap_memory |      X_I     |     array    |
|X_I_we0       | out |    1|  ap_memory |      X_I     |     array    |
|X_I_d0        | out |   32|  ap_memory |      X_I     |     array    |
|X_I_q0        |  in |   32|  ap_memory |      X_I     |     array    |
+--------------+-----+-----+------------+--------------+--------------+

